Archive member included because of file (symbol)

.\CortexM0\ARM_GCC_484\Debug\BLE Lab 3.a(cyfitter_cfg.o)
                              .\CortexM0\ARM_GCC_484\Debug\Cm0Start.o (cyfitter_cfg)
.\CortexM0\ARM_GCC_484\Debug\BLE Lab 3.a(SW2_Switch.o)
                              .\CortexM0\ARM_GCC_484\Debug\main.o (SW2_Switch_ClearInterrupt)
.\CortexM0\ARM_GCC_484\Debug\BLE Lab 3.a(Wakeup_ISR.o)
                              .\CortexM0\ARM_GCC_484\Debug\main.o (Wakeup_ISR_Start)
.\CortexM0\ARM_GCC_484\Debug\BLE Lab 3.a(Led_Advertising_Green.o)
                              .\CortexM0\ARM_GCC_484\Debug\main.o (Led_Advertising_Green_Write)
.\CortexM0\ARM_GCC_484\Debug\BLE Lab 3.a(Led_Connected_Blue.o)
                              .\CortexM0\ARM_GCC_484\Debug\main.o (Led_Connected_Blue_Write)
.\CortexM0\ARM_GCC_484\Debug\BLE Lab 3.a(ADC.o)
                              .\CortexM0\ARM_GCC_484\Debug\main.o (ADC_Start)
.\CortexM0\ARM_GCC_484\Debug\BLE Lab 3.a(ADC_PM.o)
                              .\CortexM0\ARM_GCC_484\Debug\main.o (ADC_Sleep)
.\CortexM0\ARM_GCC_484\Debug\BLE Lab 3.a(ADC_INT.o)
                              .\CortexM0\ARM_GCC_484\Debug\BLE Lab 3.a(ADC.o) (ADC_ISR)
.\CortexM0\ARM_GCC_484\Debug\BLE Lab 3.a(Opamp.o)
                              .\CortexM0\ARM_GCC_484\Debug\main.o (Opamp_Start)
.\CortexM0\ARM_GCC_484\Debug\BLE Lab 3.a(BLE_hrs.o)
                              .\CortexM0\ARM_GCC_484\Debug\main.o (CyBle_HrsRegisterAttrCallback)
.\CortexM0\ARM_GCC_484\Debug\BLE Lab 3.a(BLE.o)
                              .\CortexM0\ARM_GCC_484\Debug\BLE Lab 3.a(BLE_hrs.o) (cyBle_pendingFlashWrite)
.\CortexM0\ARM_GCC_484\Debug\BLE Lab 3.a(BLE_gatt.o)
                              .\CortexM0\ARM_GCC_484\Debug\main.o (cyBle_state)
.\CortexM0\ARM_GCC_484\Debug\BLE Lab 3.a(BLE_eventHandler.o)
                              .\CortexM0\ARM_GCC_484\Debug\main.o (cyBle_connHandle)
.\CortexM0\ARM_GCC_484\Debug\BLE Lab 3.a(BLE_dis.o)
                              .\CortexM0\ARM_GCC_484\Debug\BLE Lab 3.a(BLE.o) (CyBle_DisInit)
.\CortexM0\ARM_GCC_484\Debug\BLE Lab 3.a(CyBootAsmGnu.o)
                              .\CortexM0\ARM_GCC_484\Debug\BLE Lab 3.a(cyfitter_cfg.o) (CyDelayCycles)
.\CortexM0\ARM_GCC_484\Debug\BLE Lab 3.a(CyLib.o)
                              .\CortexM0\ARM_GCC_484\Debug\BLE Lab 3.a(cyfitter_cfg.o) (CyDelayUs)
.\CortexM0\ARM_GCC_484\Debug\BLE Lab 3.a(cyPm.o)
                              .\CortexM0\ARM_GCC_484\Debug\main.o (CySysPmSleep)
C:\Program Files (x86)\Cypress\PSoC Creator\3.1\PSoC Creator\psoc\content\cycomponentlibrary\CyComponentLibrary.cylib\BLE_v1_20\Library\gccCyBLEStack_BLE_SOC_PERIPHERAL.a(CyBle.o)
                              .\CortexM0\ARM_GCC_484\Debug\main.o (CyBle_EnterLPM)
C:\Program Files (x86)\Cypress\PSoC Creator\3.1\PSoC Creator\psoc\content\cycomponentlibrary\CyComponentLibrary.cylib\BLE_v1_20\Library\gccCyBLEStack_BLE_SOC_PERIPHERAL.a(CyBleStackMgrIP_Interface.o)
                              C:\Program Files (x86)\Cypress\PSoC Creator\3.1\PSoC Creator\psoc\content\cycomponentlibrary\CyComponentLibrary.cylib\BLE_v1_20\Library\gccCyBLEStack_BLE_SOC_PERIPHERAL.a(CyBle.o) (CyBleStackMgr_BleGetConfigData)
C:\Program Files (x86)\Cypress\PSoC Creator\3.1\PSoC Creator\psoc\content\cycomponentlibrary\CyComponentLibrary.cylib\BLE_v1_20\Library\gccCyBLEStack_BLE_SOC_PERIPHERAL.a(BT_os.o)
                              C:\Program Files (x86)\Cypress\PSoC Creator\3.1\PSoC Creator\psoc\content\cycomponentlibrary\CyComponentLibrary.cylib\BLE_v1_20\Library\gccCyBLEStack_BLE_SOC_PERIPHERAL.a(CyBleStackMgrIP_Interface.o) (bt_stack_init_os)
C:\Program Files (x86)\Cypress\PSoC Creator\3.1\PSoC Creator\psoc\content\cycomponentlibrary\CyComponentLibrary.cylib\BLE_v1_20\Library\gccCyBLEStack_BLE_SOC_PERIPHERAL.a(CyBleStackMgr_StackTaskHandler.o)
                              C:\Program Files (x86)\Cypress\PSoC Creator\3.1\PSoC Creator\psoc\content\cycomponentlibrary\CyComponentLibrary.cylib\BLE_v1_20\Library\gccCyBLEStack_BLE_SOC_PERIPHERAL.a(CyBleStackMgrIP_Interface.o) (CyBle_CreateBleStackTask)
C:\Program Files (x86)\Cypress\PSoC Creator\3.1\PSoC Creator\psoc\content\cycomponentlibrary\CyComponentLibrary.cylib\BLE_v1_20\Library\gccCyBLEStack_BLE_SOC_PERIPHERAL.a(transport_sf.o)
                              C:\Program Files (x86)\Cypress\PSoC Creator\3.1\PSoC Creator\psoc\content\cycomponentlibrary\CyComponentLibrary.cylib\BLE_v1_20\Library\gccCyBLEStack_BLE_SOC_PERIPHERAL.a(CyBleStackMgr_StackTaskHandler.o) (hci_soft_transport_notify_data_received)
C:\Program Files (x86)\Cypress\PSoC Creator\3.1\PSoC Creator\psoc\content\cycomponentlibrary\CyComponentLibrary.cylib\BLE_v1_20\Library\gccCyBLEStack_BLE_SOC_PERIPHERAL.a(CyBleStackMgr_PSoCHal.o)
[...]
Memory Configuration

Name             Origin             Length             Attributes
rom              0x00000000         0x00020000         xr
ram              0x20000000         0x00004000         xrw
*default*        0x00000000         0xffffffff

Linker script and memory map

LOAD c:/program files (x86)/cypress/psoc creator/3.1/psoc creator/import/gnu_cs/arm/4.8.4/bin/../lib/gcc/arm-none-eabi/4.8.4/armv6-m/crti.o
LOAD c:/program files (x86)/cypress/psoc creator/3.1/psoc creator/import/gnu_cs/arm/4.8.4/bin/../lib/gcc/arm-none-eabi/4.8.4/armv6-m/crtbegin.o
LOAD c:/program files (x86)/cypress/psoc creator/3.1/psoc creator/import/gnu_cs/arm/4.8.4/bin/../lib/gcc/arm-none-eabi/4.8.4/../../../../arm-none-eabi/lib/armv6-m/crt0.o
START GROUP
LOAD .\CortexM0\ARM_GCC_484\Debug\main.o
LOAD .\CortexM0\ARM_GCC_484\Debug\HeartRateProcessing.o
LOAD .\CortexM0\ARM_GCC_484\Debug\BleProcessing.o
LOAD .\CortexM0\ARM_GCC_484\Debug\WatchdogTimer.o
LOAD .\CortexM0\ARM_GCC_484\Debug\cymetadata.o
LOAD .\CortexM0\ARM_GCC_484\Debug\Cm0Start.o
LOAD .\CortexM0\ARM_GCC_484\Debug\BLE Lab 3.a
LOAD C:\Program Files (x86)\Cypress\PSoC Creator\3.1\PSoC Creator\psoc\content\cycomponentlibrary\CyComponentLibrary.cylib\BLE_v1_20\Library\gccCyBLEStack_BLE_SOC_PERIPHERAL.a
LOAD C:\Program Files (x86)\Cypress\PSoC Creator\3.1\PSoC Creator\psoc\content\cycomponentlibrary\CyComponentLibrary.cylib\CortexM0\ARM_GCC_484\Debug\CyComponentLibrary.a
END GROUP
START GROUP
LOAD c:/program files (x86)/cypress/psoc creator/3.1/psoc creator/import/gnu_cs/arm/4.8.4/bin/../lib/gcc/arm-none-eabi/4.8.4/armv6-m\libgcc.a
LOAD c:/program files (x86)/cypress/psoc creator/3.1/psoc creator/import/gnu_cs/arm/4.8.4/bin/../lib/gcc/arm-none-eabi/4.8.4/../../../../arm-none-eabi/lib/armv6-m\libg_s.a
LOAD c:/program files (x86)/cypress/psoc creator/3.1/psoc creator/import/gnu_cs/arm/4.8.4/bin/../lib/gcc/arm-none-eabi/4.8.4/../../../../arm-none-eabi/lib/armv6-m\libc_s.a
END GROUP
START GROUP
LOAD c:/program files (x86)/cypress/psoc creator/3.1/psoc creator/import/gnu_cs/arm/4.8.4/bin/../lib/gcc/arm-none-eabi/4.8.4/armv6-m\libgcc.a
LOAD c:/program files (x86)/cypress/psoc creator/3.1/psoc creator/import/gnu_cs/arm/4.8.4/bin/../lib/gcc/arm-none-eabi/4.8.4/../../../../arm-none-eabi/lib/armv6-m\libc_s.a
END GROUP
LOAD c:/program files (x86)/cypress/psoc creator/3.1/psoc creator/import/gnu_cs/arm/4.8.4/bin/../lib/gcc/arm-none-eabi/4.8.4/armv6-m/crtend.o
LOAD c:/program files (x86)/cypress/psoc creator/3.1/psoc creator/import/gnu_cs/arm/4.8.4/bin/../lib/gcc/arm-none-eabi/4.8.4/armv6-m/crtn.o
START GROUP
LOAD c:/program files (x86)/cypress/psoc creator/3.1/psoc creator/import/gnu_cs/arm/4.8.4/bin/../lib/gcc/arm-none-eabi/4.8.4/armv6-m\libgcc.a
LOAD c:/program files (x86)/cypress/psoc creator/3.1/psoc creator/import/gnu_cs/arm/4.8.4/bin/../lib/gcc/arm-none-eabi/4.8.4/../../../../arm-none-eabi/lib/armv6-m\libc.a
LOAD c:/program files (x86)/cypress/psoc creator/3.1/psoc creator/import/gnu_cs/arm/4.8.4/bin/../lib/gcc/arm-none-eabi/4.8.4/../../../../arm-none-eabi/lib/armv6-m\libnosys.a
END GROUP
                0x00000000                CY_APPL_ORIGIN = 0x0
                0x00000080                CY_FLASH_ROW_SIZE = 0x80
                0x00000001                CY_APPL_NUM = 0x1
                0x00000040                CY_METADATA_SIZE = 0x40
                0x20002520                PROVIDE (__cy_heap_start, _end)
                0x00000001                PROVIDE (__cy_region_num, ((__cy_regions_end - __cy_regions) / 0x10))
                0x20004000                PROVIDE (__cy_stack, (ORIGIN (ram) + 0x4000))
                0x20003c00                PROVIDE (__cy_heap_end, (__cy_stack - 0x400))

.cybootloader   0x00000000        0x0
 *(.cybootloader)
                0x00000000                appl1_start = CY_APPL_ORIGIN?CY_APPL_ORIGIN:ALIGN (CY_FLASH_ROW_SIZE)
                0x0000ff80                appl2_start = (appl1_start + ALIGN ((((0x20000 - appl1_start) - (0x2 * CY_FLASH_ROW_SIZE)) / 0x2), CY_FLASH_ROW_SIZE))
                0x00000000                appl_start = (CY_APPL_NUM == 0x1)?appl1_start:appl2_start

.text           0x00000000     0x24b0
 CREATE_OBJECT_SYMBOLS
                0x00000000                PROVIDE (__cy_interrupt_vector, RomVectors)
 *(.romvectors)
 .romvectors    0x00000000       0x10 .\CortexM0\ARM_GCC_484\Debug\Cm0Start.o
                0x00000000                RomVectors
                0x00000001                ASSERT ((. != __cy_interrupt_vector), No interrupt vector)
                0x00000001                ASSERT (CY_APPL_ORIGIN?(SIZEOF (.cybootloader) <= CY_APPL_ORIGIN):0x1, Wrong image location)
                0x00000010                PROVIDE (__cy_reset, Reset)
 *(.text.Reset)
 .text.Reset    0x00000010        0x8 .\CortexM0\ARM_GCC_484\Debug\Cm0Start.o
                0x00000010                Reset
                0x00000001                ASSERT ((. != __cy_reset), No reset code)
 *(.psocinit)
 .psocinit      0x00000018      0x2e0 .\CortexM0\ARM_GCC_484\Debug\BLE Lab 3.a(cyfitter_cfg.o)
                0x00000194                cyfitter_cfg
                0x000002f8                . = MAX (., 0x100)
 *(.text .text.* .gnu.linkonce.t.*)
 .text          0x000002f8       0x60 c:/program files (x86)/cypress/psoc creator/3.1/psoc creator/import/gnu_cs/arm/4.8.4/bin/../lib/gcc/arm-none-eabi/4.8.4/armv6-m/crtbegin.o
 .text.InitializeSystem
                0x00000358       0x3c .\CortexM0\ARM_GCC_484\Debug\main.o
 .text.main     0x00000394      0x134 .\CortexM0\ARM_GCC_484\Debug\main.o
                0x00000394                main
 .text.ProcessHeartRateSignal
                0x000004c8       0xb0 .\CortexM0\ARM_GCC_484\Debug\HeartRateProcessing.o
                0x000004c8                ProcessHeartRateSignal
 .text.SendHeartRateOverBLE
                0x00000578       0x58 .\CortexM0\ARM_GCC_484\Debug\BleProcessing.o
                0x00000578                SendHeartRateOverBLE
 .text.HrsEventHandler
                0x000005d0       0x38 .\CortexM0\ARM_GCC_484\Debug\BleProcessing.o
                0x000005d0                HrsEventHandler
 .text.GeneralEventHandler
                0x00000608       0xac .\CortexM0\ARM_GCC_484\Debug\BleProcessing.o
                0x00000608                GeneralEventHandler
 .text.WatchdogTimer_Isr
                0x000006b4       0x20 .\CortexM0\ARM_GCC_484\Debug\WatchdogTimer.o
                0x000006b4                WatchdogTimer_Isr
 .text.WatchdogTimer_Start
                0x000006d4       0x48 .\CortexM0\ARM_GCC_484\Debug\WatchdogTimer.o
                0x000006d4                WatchdogTimer_Start
 .text.WatchdogTimer_GetTimestamp
                0x0000071c       0x14 .\CortexM0\ARM_GCC_484\Debug\WatchdogTimer.o
                0x0000071c                WatchdogTimer_GetTimestamp
 .text.IntDefaultHandler
                0x00000730        0x8 .\CortexM0\ARM_GCC_484\Debug\Cm0Start.o
                0x00000730                IntDefaultHandler
 .text.Start_c  0x00000738       0x98 .\CortexM0\ARM_GCC_484\Debug\Cm0Start.o
                0x00000738                Start_c
 .text.initialize_psoc
                0x000007d0       0x70 .\CortexM0\ARM_GCC_484\Debug\Cm0Start.o
                0x000007d0                initialize_psoc
 .text.CYMEMZERO
                0x00000840       0x20 .\CortexM0\ARM_GCC_484\Debug\BLE Lab 3.a(cyfitter_cfg.o)
 .text.cfg_write_bytes32
                0x00000860       0x80 .\CortexM0\ARM_GCC_484\Debug\BLE Lab 3.a(cyfitter_cfg.o)
 .text.AnalogSetDefault
                0x000008e0       0x64 .\CortexM0\ARM_GCC_484\Debug\BLE Lab 3.a(cyfitter_cfg.o)
 .text.SetAnalogRoutingPumps
                0x00000944       0x40 .\CortexM0\ARM_GCC_484\Debug\BLE Lab 3.a(cyfitter_cfg.o)
                0x00000944                SetAnalogRoutingPumps
 .text.SW2_Switch_ClearInterrupt
                0x00000984       0x30 .\CortexM0\ARM_GCC_484\Debug\BLE Lab 3.a(SW2_Switch.o)
                0x00000984                SW2_Switch_ClearInterrupt
 .text.Wakeup_ISR_Start
                0x000009b4       0x24 .\CortexM0\ARM_GCC_484\Debug\BLE Lab 3.a(Wakeup_ISR.o)
                0x000009b4                Wakeup_ISR_Start
 .text.Wakeup_ISR_Interrupt
                0x000009d8        0x8 .\CortexM0\ARM_GCC_484\Debug\BLE Lab 3.a(Wakeup_ISR.o)
                0x000009d8                Wakeup_ISR_Interrupt
 .text.Wakeup_ISR_SetVector
                0x000009e0       0x18 .\CortexM0\ARM_GCC_484\Debug\BLE Lab 3.a(Wakeup_ISR.o)
                0x000009e0                Wakeup_ISR_SetVector
 .text.Wakeup_ISR_SetPriority
                0x000009f8       0x50 .\CortexM0\ARM_GCC_484\Debug\BLE Lab 3.a(Wakeup_ISR.o)
                0x000009f8                Wakeup_ISR_SetPriority
 .text.Wakeup_ISR_Enable
                0x00000a48       0x14 .\CortexM0\ARM_GCC_484\Debug\BLE Lab 3.a(Wakeup_ISR.o)
                0x00000a48                Wakeup_ISR_Enable
 .text.Wakeup_ISR_Disable
                0x00000a5c       0x14 .\CortexM0\ARM_GCC_484\Debug\BLE Lab 3.a(Wakeup_ISR.o)
                0x00000a5c                Wakeup_ISR_Disable
 .text.Led_Advertising_Green_Write
                0x00000a70       0x4c .\CortexM0\ARM_GCC_484\Debug\BLE Lab 3.a(Led_Advertising_Green.o)
                0x00000a70                Led_Advertising_Green_Write
 .text.Led_Advertising_Green_SetDriveMode
                0x00000abc       0x30 .\CortexM0\ARM_GCC_484\Debug\BLE Lab 3.a(Led_Advertising_Green.o)
                0x00000abc                Led_Advertising_Green_SetDriveMode
 .text.Led_Connected_Blue_Write
                0x00000aec       0x48 .\CortexM0\ARM_GCC_484\Debug\BLE Lab 3.a(Led_Connected_Blue.o)
                0x00000aec                Led_Connected_Blue_Write
 .text.Led_Connected_Blue_SetDriveMode
                0x00000b34       0x30 .\CortexM0\ARM_GCC_484\Debug\BLE Lab 3.a(Led_Connected_Blue.o)
                0x00000b34                Led_Connected_Blue_SetDriveMode
 .text.ADC_Start
                0x00000b64       0x24 .\CortexM0\ARM_GCC_484\Debug\BLE Lab 3.a(ADC.o)
                0x00000b64                ADC_Start
 .text.ADC_Init
                0x00000b88      0x1c4 .\CortexM0\ARM_GCC_484\Debug\BLE Lab 3.a(ADC.o)
                0x00000b88                ADC_Init
 .text.ADC_Enable
                0x00000d4c       0x38 .\CortexM0\ARM_GCC_484\Debug\BLE Lab 3.a(ADC.o)
                0x00000d4c                ADC_Enable
 .text.ADC_Stop
                0x00000d84       0x18 .\CortexM0\ARM_GCC_484\Debug\BLE Lab 3.a(ADC.o)
                0x00000d84                ADC_Stop
 .text.ADC_StartConvert
                0x00000d9c       0x14 .\CortexM0\ARM_GCC_484\Debug\BLE Lab 3.a(ADC.o)
                0x00000d9c                ADC_StartConvert
 .text.ADC_StopConvert
                0x00000db0        0x8 .\CortexM0\ARM_GCC_484\Debug\BLE Lab 3.a(ADC.o)
                0x00000db0                ADC_StopConvert
 .text.ADC_IsEndConversion
                0x00000db8       0x48 .\CortexM0\ARM_GCC_484\Debug\BLE Lab 3.a(ADC.o)
                0x00000db8                ADC_IsEndConversion
 .text.ADC_GetResult16
                0x00000e00       0x44 .\CortexM0\ARM_GCC_484\Debug\BLE Lab 3.a(ADC.o)
                0x00000e00                ADC_GetResult16
 .text.ADC_Sleep
                0x00000e44       0x84 .\CortexM0\ARM_GCC_484\Debug\BLE Lab 3.a(ADC_PM.o)
                0x00000e44                ADC_Sleep
 .text.ADC_Wakeup
                0x00000ec8       0x58 .\CortexM0\ARM_GCC_484\Debug\BLE Lab 3.a(ADC_PM.o)
                0x00000ec8                ADC_Wakeup
 .text.ADC_ISR  0x00000f20       0x1c .\CortexM0\ARM_GCC_484\Debug\BLE Lab 3.a(ADC_INT.o)
                0x00000f20                ADC_ISR
 .text.Opamp_Init
                0x00000f3c       0x34 .\CortexM0\ARM_GCC_484\Debug\BLE Lab 3.a(Opamp.o)
                0x00000f3c                Opamp_Init
 .text.Opamp_Enable
                0x00000f70       0x24 .\CortexM0\ARM_GCC_484\Debug\BLE Lab 3.a(Opamp.o)
                0x00000f70                Opamp_Enable
 .text.Opamp_Start
                0x00000f94       0x24 .\CortexM0\ARM_GCC_484\Debug\BLE Lab 3.a(Opamp.o)
                0x00000f94                Opamp_Start
 .text.CyBle_HrsInit
                0x00000fb8        0x8 .\CortexM0\ARM_GCC_484\Debug\BLE Lab 3.a(BLE_hrs.o)
                0x00000fb8                CyBle_HrsInit
 .text.CyBle_HrsRegisterAttrCallback
                0x00000fc0       0x18 .\CortexM0\ARM_GCC_484\Debug\BLE Lab 3.a(BLE_hrs.o)
                0x00000fc0                CyBle_HrsRegisterAttrCallback
 .text.CyBle_HrssGetCharacteristicValue
                0x00000fd8       0x9c .\CortexM0\ARM_GCC_484\Debug\BLE Lab 3.a(BLE_hrs.o)
                0x00000fd8                CyBle_HrssGetCharacteristicValue
 .text.CyBle_HrssSendNotification
                0x00001074       0xd8 .\CortexM0\ARM_GCC_484\Debug\BLE Lab 3.a(BLE_hrs.o)
                0x00001074                CyBle_HrssSendNotification
 .text.CyBle_HrssWriteEventHandler
                0x0000114c      0x128 .\CortexM0\ARM_GCC_484\Debug\BLE Lab 3.a(BLE_hrs.o)
                0x0000114c                CyBle_HrssWriteEventHandler
 .text.CyBle_Init
                0x00001274       0x34 .\CortexM0\ARM_GCC_484\Debug\BLE Lab 3.a(BLE.o)
                0x00001274                CyBle_Init
 .text.CyBle_ServiceInit
                0x000012a8       0x10 .\CortexM0\ARM_GCC_484\Debug\BLE Lab 3.a(BLE.o)
                0x000012a8                CyBle_ServiceInit
 .text.CyBle_Start
                0x000012b8       0x90 .\CortexM0\ARM_GCC_484\Debug\BLE Lab 3.a(BLE.o)
                0x000012b8                CyBle_Start
 .text.CyBle_Stop
                0x00001348       0x1c .\CortexM0\ARM_GCC_484\Debug\BLE Lab 3.a(BLE.o)
                0x00001348                CyBle_Stop
 .text.CyBle_GappStartAdvertisement
                0x00001364       0xc4 .\CortexM0\ARM_GCC_484\Debug\BLE Lab 3.a(BLE.o)
                0x00001364                CyBle_GappStartAdvertisement
 .text.CyBle_ChangeAdDeviceAddress
                0x00001428       0x60 .\CortexM0\ARM_GCC_484\Debug\BLE Lab 3.a(BLE.o)
                0x00001428                CyBle_ChangeAdDeviceAddress
 .text.CyBle_Get16ByPtr
                0x00001488       0x24 .\CortexM0\ARM_GCC_484\Debug\BLE Lab 3.a(BLE.o)
                0x00001488                CyBle_Get16ByPtr
 .text.CyBle_GattsWriteEventHandler
                0x000014ac       0xa0 .\CortexM0\ARM_GCC_484\Debug\BLE Lab 3.a(BLE_gatt.o)
                0x000014ac                CyBle_GattsWriteEventHandler
 .text.CyBle_WriteReqHandler
                0x0000154c       0x98 .\CortexM0\ARM_GCC_484\Debug\BLE Lab 3.a(BLE_eventHandler.o)
 .text.CyBle_ValueConfirmation
                0x000015e4       0x10 .\CortexM0\ARM_GCC_484\Debug\BLE Lab 3.a(BLE_eventHandler.o)
 .text.CyBle_GattDisconnectEventHandler
                0x000015f4       0x18 .\CortexM0\ARM_GCC_484\Debug\BLE Lab 3.a(BLE_eventHandler.o)
 .text.CyBle_TimeOutEventHandler
                0x0000160c       0x10 .\CortexM0\ARM_GCC_484\Debug\BLE Lab 3.a(BLE_eventHandler.o)
 .text.CyBle_GattConnectReqHandler
                0x0000161c        0x8 .\CortexM0\ARM_GCC_484\Debug\BLE Lab 3.a(BLE_eventHandler.o)
 .text.CyBle_IsDeviceAddressValid
                0x00001624       0x60 .\CortexM0\ARM_GCC_484\Debug\BLE Lab 3.a(BLE_eventHandler.o)
 .text.CyBle_L2Cap_ConnParamUpdateRspEventHandler
                0x00001684       0x14 .\CortexM0\ARM_GCC_484\Debug\BLE Lab 3.a(BLE_eventHandler.o)
 .text.CyBle_GapConnUpdateCompleteEventHandler
                0x00001698       0x10 .\CortexM0\ARM_GCC_484\Debug\BLE Lab 3.a(BLE_eventHandler.o)
 .text.CyBle_EventHandler
                0x000016a8      0x32c .\CortexM0\ARM_GCC_484\Debug\BLE Lab 3.a(BLE_eventHandler.o)
                0x000016a8                CyBle_EventHandler
 .text.CyBle_DisInit
                0x000019d4        0x8 .\CortexM0\ARM_GCC_484\Debug\BLE Lab 3.a(BLE_dis.o)
                0x000019d4                CyBle_DisInit
 *fill*         0x000019dc        0x4 
 .text          0x000019e0       0x20 .\CortexM0\ARM_GCC_484\Debug\BLE Lab 3.a(CyBootAsmGnu.o)
                0x000019e0                CyDelayCycles
                0x000019f2                CyEnterCriticalSection
                0x000019fa                CyExitCriticalSection
 .text.CySysClkWcoSetHighPowerMode
                0x00001a00       0x3c .\CortexM0\ARM_GCC_484\Debug\BLE Lab 3.a(CyLib.o)
 .text.CySysClkWcoSetLowPowerMode
                0x00001a3c       0x48 .\CortexM0\ARM_GCC_484\Debug\BLE Lab 3.a(CyLib.o)
 .text.CySysClkWriteSysclkDiv
                0x00001a84       0x44 .\CortexM0\ARM_GCC_484\Debug\BLE Lab 3.a(CyLib.o)
                0x00001a84                CySysClkWriteSysclkDiv
 .text.CySysClkEcoStart
                0x00001ac8       0x74 .\CortexM0\ARM_GCC_484\Debug\BLE Lab 3.a(CyLib.o)
                0x00001ac8                CySysClkEcoStart
 .text.CySysClkEcoReadStatus
                0x00001b3c       0x18 .\CortexM0\ARM_GCC_484\Debug\BLE Lab 3.a(CyLib.o)
                0x00001b3c                CySysClkEcoReadStatus
 .text.CySysClkWcoStart
                0x00001b54       0x20 .\CortexM0\ARM_GCC_484\Debug\BLE Lab 3.a(CyLib.o)
                0x00001b54                CySysClkWcoStart
 .text.CySysClkWcoSetPowerMode
                0x00001b74       0x40 .\CortexM0\ARM_GCC_484\Debug\BLE Lab 3.a(CyLib.o)
                0x00001b74                CySysClkWcoSetPowerMode
 .text.CySysWdtLock
                0x00001bb4       0x34 .\CortexM0\ARM_GCC_484\Debug\BLE Lab 3.a(CyLib.o)
                0x00001bb4                CySysWdtLock
 .text.CySysWdtLocked
                0x00001be8       0x20 .\CortexM0\ARM_GCC_484\Debug\BLE Lab 3.a(CyLib.o)
 .text.CySysWdtUnlock
                0x00001c08       0x4c .\CortexM0\ARM_GCC_484\Debug\BLE Lab 3.a(CyLib.o)
                0x00001c08                CySysWdtUnlock
 .text.CySysWdtReadEnabledStatus
                0x00001c54       0x30 .\CortexM0\ARM_GCC_484\Debug\BLE Lab 3.a(CyLib.o)
                0x00001c54                CySysWdtReadEnabledStatus
 .text.CySysWdtWriteMode
                0x00001c84       0x60 .\CortexM0\ARM_GCC_484\Debug\BLE Lab 3.a(CyLib.o)
                0x00001c84                CySysWdtWriteMode
 .text.CySysWdtWriteClearOnMatch
                0x00001ce4       0x70 .\CortexM0\ARM_GCC_484\Debug\BLE Lab 3.a(CyLib.o)
                0x00001ce4                CySysWdtWriteClearOnMatch
 .text.CySysWdtEnable
                0x00001d54       0x64 .\CortexM0\ARM_GCC_484\Debug\BLE Lab 3.a(CyLib.o)
                0x00001d54                CySysWdtEnable
 .text.CySysWdtWriteMatch
                0x00001db8       0x90 .\CortexM0\ARM_GCC_484\Debug\BLE Lab 3.a(CyLib.o)
                0x00001db8                CySysWdtWriteMatch
 .text.CySysWdtClearInterrupt
                0x00001e48       0x6c .\CortexM0\ARM_GCC_484\Debug\BLE Lab 3.a(CyLib.o)
                0x00001e48                CySysWdtClearInterrupt
 .text.CyIntSetVector
                0x00001eb4       0x4c .\CortexM0\ARM_GCC_484\Debug\BLE Lab 3.a(CyLib.o)
                0x00001eb4                CyIntSetVector
 .text.CyIntSetPriority
                0x00001f00       0xa8 .\CortexM0\ARM_GCC_484\Debug\BLE Lab 3.a(CyLib.o)
                0x00001f00                CyIntSetPriority
 .text.CyIntEnable
                0x00001fa8       0x2c .\CortexM0\ARM_GCC_484\Debug\BLE Lab 3.a(CyLib.o)
                0x00001fa8                CyIntEnable
 .text.CyHalt   0x00001fd4       0x14 .\CortexM0\ARM_GCC_484\Debug\BLE Lab 3.a(CyLib.o)
                0x00001fd4                CyHalt
 .text.CyDelay  0x00001fe8       0x48 .\CortexM0\ARM_GCC_484\Debug\BLE Lab 3.a(CyLib.o)
                0x00001fe8                CyDelay
 .text.CyDelayUs
                0x00002030       0x28 .\CortexM0\ARM_GCC_484\Debug\BLE Lab 3.a(CyLib.o)
                0x00002030                CyDelayUs
 .text.CySysPmSleep
                0x00002058       0x34 .\CortexM0\ARM_GCC_484\Debug\BLE Lab 3.a(cyPm.o)
                0x00002058                CySysPmSleep
 .text.CySysPmDeepSleep
                0x0000208c       0x6c .\CortexM0\ARM_GCC_484\Debug\BLE Lab 3.a(cyPm.o)
                0x0000208c                CySysPmDeepSleep
 .text.CySysPmHibernate
                0x000020f8       0x6c .\CortexM0\ARM_GCC_484\Debug\BLE Lab 3.a(cyPm.o)
                0x000020f8                CySysPmHibernate
 .text.CyBLE_Bless_LlRegWrite
                0x00002164       0x1c .\CortexM0\ARM_GCC_484\Debug\BLE Lab 3.a(BLE_HAL_PVT.o)
                0x00002164                CyBLE_Bless_LlRegWrite
 .text.CyBLE_Bless_RfRegWrite
                0x00002180       0x1c .\CortexM0\ARM_GCC_484\Debug\BLE Lab 3.a(BLE_HAL_PVT.o)
                0x00002180                CyBLE_Bless_RfRegWrite
 .text.CyBleHal_DelayUs
                0x0000219c       0x1c .\CortexM0\ARM_GCC_484\Debug\BLE Lab 3.a(BLE_HAL_PVT.o)
                0x0000219c                CyBleHal_DelayUs
 .text.CyBleHal_EnableGlobalInterrupts
                0x000021b8        0xc .\CortexM0\ARM_GCC_484\Debug\BLE Lab 3.a(BLE_HAL_PVT.o)
                0x000021b8                CyBleHal_EnableGlobalInterrupts
 .text.CyBleHal_DisableGlobalInterrupts
                0x000021c4        0xc .\CortexM0\ARM_GCC_484\Debug\BLE Lab 3.a(BLE_HAL_PVT.o)
                0x000021c4                CyBleHal_DisableGlobalInterrupts
 .text.CyBle_HalInit
                0x000021d0       0x20 .\CortexM0\ARM_GCC_484\Debug\BLE Lab 3.a(BLE_HAL_PVT.o)
                0x000021d0                CyBle_HalInit
 .text.CYBLE_BlessStart
                0x000021f0       0x14 .\CortexM0\ARM_GCC_484\Debug\BLE Lab 3.a(BLE_HAL_PVT.o)
                0x000021f0                CYBLE_BlessStart
 .text.BLE_bless_isr_StartEx
                0x00002204       0x24 .\CortexM0\ARM_GCC_484\Debug\BLE Lab 3.a(BLE_bless_isr.o)
                0x00002204                BLE_bless_isr_StartEx
 .text.BLE_bless_isr_SetVector
                0x00002228       0x18 .\CortexM0\ARM_GCC_484\Debug\BLE Lab 3.a(BLE_bless_isr.o)
                0x00002228                BLE_bless_isr_SetVector
 .text.BLE_bless_isr_SetPriority
                0x00002240       0x50 .\CortexM0\ARM_GCC_484\Debug\BLE Lab 3.a(BLE_bless_isr.o)
                0x00002240                BLE_bless_isr_SetPriority
 .text.BLE_bless_isr_Enable
                0x00002290       0x14 .\CortexM0\ARM_GCC_484\Debug\BLE Lab 3.a(BLE_bless_isr.o)
                0x00002290                BLE_bless_isr_Enable
 .text.BLE_bless_isr_Disable
                0x000022a4       0x14 .\CortexM0\ARM_GCC_484\Debug\BLE Lab 3.a(BLE_bless_isr.o)
                0x000022a4                BLE_bless_isr_Disable
 .text.CyBLE_Bless_Interrupt
                0x000022b8        0xc .\CortexM0\ARM_GCC_484\Debug\BLE Lab 3.a(BLE_HAL_INT.o)
                0x000022b8                CyBLE_Bless_Interrupt
 .text          0x000022c4       0x9c c:/program files (x86)/cypress/psoc creator/3.1/psoc creator/import/gnu_cs/arm/4.8.4/bin/../lib/gcc/arm-none-eabi/4.8.4/armv6-m\libgcc.a(_udivsi3.o)
                0x000022c4                __aeabi_uidiv
                0x000022c4                __udivsi3
                0x0000234c                __aeabi_uidivmod
 .text          0x00002360       0xc0 c:/program files (x86)/cypress/psoc creator/3.1/psoc creator/import/gnu_cs/arm/4.8.4/bin/../lib/gcc/arm-none-eabi/4.8.4/armv6-m\libgcc.a(_divsi3.o)
                0x00002360                __divsi3
                0x00002360                __aeabi_idiv
                0x0000240c                __aeabi_idivmod
 .text          0x00002420        0x4 c:/program files (x86)/cypress/psoc creator/3.1/psoc creator/import/gnu_cs/arm/4.8.4/bin/../lib/gcc/arm-none-eabi/4.8.4/armv6-m\libgcc.a(_dvmd_tls.o)
                0x00002420                __aeabi_idiv0
                0x00002420                __aeabi_ldiv0
 .text.__libc_init_array
                0x00002424       0x4c c:/program files (x86)/cypress/psoc creator/3.1/psoc creator/import/gnu_cs/arm/4.8.4/bin/../lib/gcc/arm-none-eabi/4.8.4/../../../../arm-none-eabi/lib/armv6-m\libg_s.a(lib_a-init.o)
                0x00002424                __libc_init_array
 .text.memcmp   0x00002470       0x1e c:/program files (x86)/cypress/psoc creator/3.1/psoc creator/import/gnu_cs/arm/4.8.4/bin/../lib/gcc/arm-none-eabi/4.8.4/../../../../arm-none-eabi/lib/armv6-m\libg_s.a(lib_a-memcmp.o)
                0x00002470                memcmp
 .text.memcpy   0x0000248e       0x12 c:/program files (x86)/cypress/psoc creator/3.1/psoc creator/import/gnu_cs/arm/4.8.4/bin/../lib/gcc/arm-none-eabi/4.8.4/../../../../arm-none-eabi/lib/armv6-m\libg_s.a(lib_a-memcpy-stub.o)
                0x0000248e                memcpy
 .text.memset   0x000024a0       0x10 c:/program files (x86)/cypress/psoc creator/3.1/psoc creator/import/gnu_cs/arm/4.8.4/bin/../lib/gcc/arm-none-eabi/4.8.4/../../../../arm-none-eabi/lib/armv6-m\libg_s.a(lib_a-memset.o)
                0x000024a0                memset
 *(.plt)
 *(.gnu.warning)
 *(.glue_7t)
 .glue_7t       0x00000000        0x0 linker stubs
 *(.glue_7)
 .glue_7        0x00000000        0x0 linker stubs
 *(.vfp11_veneer)
 .vfp11_veneer  0x00000000        0x0 linker stubs
 *(.bootloader)
 *(.ARM.extab* .gnu.linkonce.armextab.*)
 *(.gcc_except_table)

.v4_bx          0x000024b0        0x0
 .v4_bx         0x00000000        0x0 linker stubs

.iplt           0x000024b0        0x0
 .iplt          0x00000000        0x0 c:/program files (x86)/cypress/psoc creator/3.1/psoc creator/import/gnu_cs/arm/4.8.4/bin/../lib/gcc/arm-none-eabi/4.8.4/armv6-m/crtbegin.o

i.CyBle_EnterLPM
                0x000024b0        0x8
 i.CyBle_EnterLPM
                0x000024b0        0x8 C:\Program Files (x86)\Cypress\PSoC Creator\3.1\PSoC Creator\psoc\content\cycomponentlibrary\CyComponentLibrary.cylib\BLE_v1_20\Library\gccCyBLEStack_BLE_SOC_PERIPHERAL.a(CyBle.o)
                0x000024b0                CyBle_EnterLPM

i.CyBle_ExitLPM
                0x000024b8        0x8
 i.CyBle_ExitLPM
                0x000024b8        0x8 C:\Program Files (x86)\Cypress\PSoC Creator\3.1\PSoC Creator\psoc\content\cycomponentlibrary\CyComponentLibrary.cylib\BLE_v1_20\Library\gccCyBLEStack_BLE_SOC_PERIPHERAL.a(CyBle.o)
                0x000024b8                CyBle_ExitLPM

i.CyBle_ProcessEvents
                0x000024c0        0x8
 i.CyBle_ProcessEvents
                0x000024c0        0x8 C:\Program Files (x86)\Cypress\PSoC Creator\3.1\PSoC Creator\psoc\content\cycomponentlibrary\CyComponentLibrary.cylib\BLE_v1_20\Library\gccCyBLEStack_BLE_SOC_PERIPHERAL.a(CyBle.o)
                0x000024c0                CyBle_ProcessEvents

i.CyBle_SetDeviceAddress
                0x000024c8       0x24
 i.CyBle_SetDeviceAddress
                0x000024c8       0x24 C:\Program Files (x86)\Cypress\PSoC Creator\3.1\PSoC Creator\psoc\content\cycomponentlibrary\CyComponentLibrary.cylib\BLE_v1_20\Library\gccCyBLEStack_BLE_SOC_PERIPHERAL.a(CyBle.o)
                0x000024c8                CyBle_SetDeviceAddress

i.CyBle_Shutdown
                0x000024ec       0x28
 i.CyBle_Shutdown
                0x000024ec       0x28 C:\Program Files (x86)\Cypress\PSoC Creator\3.1\PSoC Creator\psoc\content\cycomponentlibrary\CyComponentLibrary.cylib\BLE_v1_20\Library\gccCyBLEStack_BLE_SOC_PERIPHERAL.a(CyBle.o)
                0x000024ec                CyBle_Shutdown

i.CyBle_StackInit
                0x00002514       0x84
 i.CyBle_StackInit
                0x00002514       0x84 C:\Program Files (x86)\Cypress\PSoC Creator\3.1\PSoC Creator\psoc\content\cycomponentlibrary\CyComponentLibrary.cylib\BLE_v1_20\Library\gccCyBLEStack_BLE_SOC_PERIPHERAL.a(CyBle.o)
                0x00002514                CyBle_StackInit

i.CyBleStackMgr_BleGetConfigData
                0x00002598        0x4
 i.CyBleStackMgr_BleGetConfigData
                0x00002598        0x4 C:\Program Files (x86)\Cypress\PSoC Creator\3.1\PSoC Creator\psoc\content\cycomponentlibrary\CyComponentLibrary.cylib\BLE_v1_20\Library\gccCyBLEStack_BLE_SOC_PERIPHERAL.a(CyBleStackMgrIP_Interface.o)
                0x00002598                CyBleStackMgr_BleGetConfigData

i.CyBleStackMgr_BleSetConfigData
                0x0000259c        0x4
 i.CyBleStackMgr_BleSetConfigData
                0x0000259c        0x4 C:\Program Files (x86)\Cypress\PSoC Creator\3.1\PSoC Creator\psoc\content\cycomponentlibrary\CyComponentLibrary.cylib\BLE_v1_20\Library\gccCyBLEStack_BLE_SOC_PERIPHERAL.a(CyBleStackMgrIP_Interface.o)
                0x0000259c                CyBleStackMgr_BleSetConfigData

i.CyBleStackMgr_Init
                0x000025a0      0x104
 i.CyBleStackMgr_Init
                0x000025a0      0x104 C:\Program Files (x86)\Cypress\PSoC Creator\3.1\PSoC Creator\psoc\content\cycomponentlibrary\CyComponentLibrary.cylib\BLE_v1_20\Library\gccCyBLEStack_BLE_SOC_PERIPHERAL.a(CyBleStackMgrIP_Interface.o)
                0x000025a0                CyBleStackMgr_Init

i.CyBleStackMgr_ProcessBleEvents
                0x000026a4       0x14
 i.CyBleStackMgr_ProcessBleEvents
                0x000026a4       0x14 C:\Program Files (x86)\Cypress\PSoC Creator\3.1\PSoC Creator\psoc\content\cycomponentlibrary\CyComponentLibrary.cylib\BLE_v1_20\Library\gccCyBLEStack_BLE_SOC_PERIPHERAL.a(CyBleStackMgrIP_Interface.o)
                0x000026a4                CyBleStackMgr_ProcessBleEvents

i.CyBleStackMgr_Reset
                0x000026b8       0x16
 i.CyBleStackMgr_Reset
                0x000026b8       0x16 C:\Program Files (x86)\Cypress\PSoC Creator\3.1\PSoC Creator\psoc\content\cycomponentlibrary\CyComponentLibrary.cylib\BLE_v1_20\Library\gccCyBLEStack_BLE_SOC_PERIPHERAL.a(CyBleStackMgrIP_Interface.o)
                0x000026b8                CyBleStackMgr_Reset

i.CyBleStackMgr_Shutdown
                0x000026d0       0x18
 i.CyBleStackMgr_Shutdown
                0x000026d0       0x18 C:\Program Files (x86)\Cypress\PSoC Creator\3.1\PSoC Creator\psoc\content\cycomponentlibrary\CyComponentLibrary.cylib\BLE_v1_20\Library\gccCyBLEStack_BLE_SOC_PERIPHERAL.a(CyBleStackMgrIP_Interface.o)
                0x000026d0                CyBleStackMgr_Shutdown

i.ble_stack_idle_task_callback
                0x000026e8        0x2
 i.ble_stack_idle_task_callback
                0x000026e8        0x2 C:\Program Files (x86)\Cypress\PSoC Creator\3.1\PSoC Creator\psoc\content\cycomponentlibrary\CyComponentLibrary.cylib\BLE_v1_20\Library\gccCyBLEStack_BLE_SOC_PERIPHERAL.a(CyBleStackMgrIP_Interface.o)
                0x000026e8                ble_stack_idle_task_callback

i.BT_OSFreeBuf  0x000026ec       0x18
 i.BT_OSFreeBuf
                0x000026ec       0x18 C:\Program Files (x86)\Cypress\PSoC Creator\3.1\PSoC Creator\psoc\content\cycomponentlibrary\CyComponentLibrary.cylib\BLE_v1_20\Library\gccCyBLEStack_BLE_SOC_PERIPHERAL.a(BT_os.o)
                0x000026ec                BT_OSFreeBuf

i.BT_OSGetBuF   0x00002704       0x1c
 i.BT_OSGetBuF  0x00002704       0x1c C:\Program Files (x86)\Cypress\PSoC Creator\3.1\PSoC Creator\psoc\content\cycomponentlibrary\CyComponentLibrary.cylib\BLE_v1_20\Library\gccCyBLEStack_BLE_SOC_PERIPHERAL.a(BT_os.o)
                0x00002704                BT_OSGetBuF

i.BT_OSMemCreate
                0x00002720       0x1c
 i.BT_OSMemCreate
                0x00002720       0x1c C:\Program Files (x86)\Cypress\PSoC Creator\3.1\PSoC Creator\psoc\content\cycomponentlibrary\CyComponentLibrary.cylib\BLE_v1_20\Library\gccCyBLEStack_BLE_SOC_PERIPHERAL.a(BT_os.o)
                0x00002720                BT_OSMemCreate

i.BT_alloc_mem_ext
                0x0000273c       0x34
 i.BT_alloc_mem_ext
                0x0000273c       0x34 C:\Program Files (x86)\Cypress\PSoC Creator\3.1\PSoC Creator\psoc\content\cycomponentlibrary\CyComponentLibrary.cylib\BLE_v1_20\Library\gccCyBLEStack_BLE_SOC_PERIPHERAL.a(BT_os.o)
                0x0000273c                BT_alloc_mem_ext

i.BT_free_mem   0x00002770        0xc
 i.BT_free_mem  0x00002770        0xc C:\Program Files (x86)\Cypress\PSoC Creator\3.1\PSoC Creator\psoc\content\cycomponentlibrary\CyComponentLibrary.cylib\BLE_v1_20\Library\gccCyBLEStack_BLE_SOC_PERIPHERAL.a(BT_os.o)
                0x00002770                BT_free_mem

i.bt_stack_init_os
                0x0000277c       0x34
 i.bt_stack_init_os
                0x0000277c       0x34 C:\Program Files (x86)\Cypress\PSoC Creator\3.1\PSoC Creator\psoc\content\cycomponentlibrary\CyComponentLibrary.cylib\BLE_v1_20\Library\gccCyBLEStack_BLE_SOC_PERIPHERAL.a(BT_os.o)
                0x0000277c                bt_stack_init_os

i.CyBle_CheckBleStackTaskStatus
                0x000027b0        0x4
 i.CyBle_CheckBleStackTaskStatus
                0x000027b0        0x4 C:\Program Files (x86)\Cypress\PSoC Creator\3.1\PSoC Creator\psoc\content\cycomponentlibrary\CyComponentLibrary.cylib\BLE_v1_20\Library\gccCyBLEStack_BLE_SOC_PERIPHERAL.a(CyBleStackMgr_StackTaskHandler.o)
                0x000027b0                CyBle_CheckBleStackTaskStatus

i.CyBle_CreateBleStackTask
                0x000027b4       0x2c
 i.CyBle_CreateBleStackTask
                0x000027b4       0x2c C:\Program Files (x86)\Cypress\PSoC Creator\3.1\PSoC Creator\psoc\content\cycomponentlibrary\CyComponentLibrary.cylib\BLE_v1_20\Library\gccCyBLEStack_BLE_SOC_PERIPHERAL.a(CyBleStackMgr_StackTaskHandler.o)
                0x000027b4                CyBle_CreateBleStackTask

i.CyBle_SignalBleStackTask
                0x000027e0       0x50
 i.CyBle_SignalBleStackTask
                0x000027e0       0x50 C:\Program Files (x86)\Cypress\PSoC Creator\3.1\PSoC Creator\psoc\content\cycomponentlibrary\CyComponentLibrary.cylib\BLE_v1_20\Library\gccCyBLEStack_BLE_SOC_PERIPHERAL.a(CyBleStackMgr_StackTaskHandler.o)
                0x000027e0                CyBle_SignalBleStackTask

i.CyBle_StackTaskHandler
                0x00002830       0x5c
 i.CyBle_StackTaskHandler
                0x00002830       0x5c C:\Program Files (x86)\Cypress\PSoC Creator\3.1\PSoC Creator\psoc\content\cycomponentlibrary\CyComponentLibrary.cylib\BLE_v1_20\Library\gccCyBLEStack_BLE_SOC_PERIPHERAL.a(CyBleStackMgr_StackTaskHandler.o)
                0x00002830                CyBle_StackTaskHandler

i.__ARM_common_switch8
                0x0000288c       0x1a
 i.__ARM_common_switch8
                0x0000288c       0x1a C:\Program Files (x86)\Cypress\PSoC Creator\3.1\PSoC Creator\psoc\content\cycomponentlibrary\CyComponentLibrary.cylib\BLE_v1_20\Library\gccCyBLEStack_BLE_SOC_PERIPHERAL.a(CyBleStackMgr_StackTaskHandler.o)
                0x0000288c                __ARM_common_switch8

i.hci_soft_transport_notify_data_received
                0x000028a8        0xc
 i.hci_soft_transport_notify_data_received
                0x000028a8        0xc C:\Program Files (x86)\Cypress\PSoC Creator\3.1\PSoC Creator\psoc\content\cycomponentlibrary\CyComponentLibrary.cylib\BLE_v1_20\Library\gccCyBLEStack_BLE_SOC_PERIPHERAL.a(transport_sf.o)
                0x000028a8                hci_soft_transport_notify_data_received

i.hci_soft_transport_rx_data
                0x000028b4       0x40
 i.hci_soft_transport_rx_data
                0x000028b4       0x40 C:\Program Files (x86)\Cypress\PSoC Creator\3.1\PSoC Creator\psoc\content\cycomponentlibrary\CyComponentLibrary.cylib\BLE_v1_20\Library\gccCyBLEStack_BLE_SOC_PERIPHERAL.a(transport_sf.o)
                0x000028b4                hci_soft_transport_rx_data

i.hci_transport_bt_init
                0x000028f4        0x2
 i.hci_transport_bt_init
                0x000028f4        0x2 C:\Program Files (x86)\Cypress\PSoC Creator\3.1\PSoC Creator\psoc\content\cycomponentlibrary\CyComponentLibrary.cylib\BLE_v1_20\Library\gccCyBLEStack_BLE_SOC_PERIPHERAL.a(transport_sf.o)
                0x000028f4                hci_transport_bt_init

i.hci_transport_bt_shutdown
                0x000028f6        0x2
 i.hci_transport_bt_shutdown
                0x000028f6        0x2 C:\Program Files (x86)\Cypress\PSoC Creator\3.1\PSoC Creator\psoc\content\cycomponentlibrary\CyComponentLibrary.cylib\BLE_v1_20\Library\gccCyBLEStack_BLE_SOC_PERIPHERAL.a(transport_sf.o)
                0x000028f6                hci_transport_bt_shutdown

i.hci_transport_init
                0x000028f8       0x10
 i.hci_transport_init
                0x000028f8       0x10 C:\Program Files (x86)\Cypress\PSoC Creator\3.1\PSoC Creator\psoc\content\cycomponentlibrary\CyComponentLibrary.cylib\BLE_v1_20\Library\gccCyBLEStack_BLE_SOC_PERIPHERAL.a(transport_sf.o)
                0x000028f8                hci_transport_init

i.hci_transport_write_data
                0x00002908       0xd4
 i.hci_transport_write_data
                0x00002908       0xd4 C:\Program Files (x86)\Cypress\PSoC Creator\3.1\PSoC Creator\psoc\content\cycomponentlibrary\CyComponentLibrary.cylib\BLE_v1_20\Library\gccCyBLEStack_BLE_SOC_PERIPHERAL.a(transport_sf.o)
                0x00002908                hci_transport_write_data

i.pf_hci_soft_transport_write
                0x000029dc       0x44
 i.pf_hci_soft_transport_write
                0x000029dc       0x44 C:\Program Files (x86)\Cypress\PSoC Creator\3.1\PSoC Creator\psoc\content\cycomponentlibrary\CyComponentLibrary.cylib\BLE_v1_20\Library\gccCyBLEStack_BLE_SOC_PERIPHERAL.a(transport_sf.o)
                0x000029dc                pf_hci_soft_transport_write

i.pf_soft_hci_transport_init
                0x00002a20        0xc
 i.pf_soft_hci_transport_init
                0x00002a20        0xc C:\Program Files (x86)\Cypress\PSoC Creator\3.1\PSoC Creator\psoc\content\cycomponentlibrary\CyComponentLibrary.cylib\BLE_v1_20\Library\gccCyBLEStack_BLE_SOC_PERIPHERAL.a(transport_sf.o)
                0x00002a20                pf_soft_hci_transport_init

i.CyBleStackMgr_GetTime
                0x00002a2c       0x14
 i.CyBleStackMgr_GetTime
                0x00002a2c       0x14 C:\Program Files (x86)\Cypress\PSoC Creator\3.1\PSoC Creator\psoc\content\cycomponentlibrary\CyComponentLibrary.cylib\BLE_v1_20\Library\gccCyBLEStack_BLE_SOC_PERIPHERAL.a(CyBleStackMgr_PSoCHal.o)
                0x00002a2c                CyBleStackMgr_GetTime

i.CyBleStackMgr_HalInit
                0x00002a40       0x24
 i.CyBleStackMgr_HalInit
                0x00002a40       0x24 C:\Program Files (x86)\Cypress\PSoC Creator\3.1\PSoC Creator\psoc\content\cycomponentlibrary\CyComponentLibrary.cylib\BLE_v1_20\Library\gccCyBLEStack_BLE_SOC_PERIPHERAL.a(CyBleStackMgr_PSoCHal.o)
                0x00002a40                CyBleStackMgr_HalInit

i.CyBleStackMgr_HalIntrEnable
                0x00002a64        0x8
 i.CyBleStackMgr_HalIntrEnable
                0x00002a64        0x8 C:\Program Files (x86)\Cypress\PSoC Creator\3.1\PSoC Creator\psoc\content\cycomponentlibrary\CyComponentLibrary.cylib\BLE_v1_20\Library\gccCyBLEStack_BLE_SOC_PERIPHERAL.a(CyBleStackMgr_PSoCHal.o)
                0x00002a64                CyBleStackMgr_HalIntrEnable

i.CyBleStackMgr_HalReset
                0x00002a6c        0x4
 i.CyBleStackMgr_HalReset
                0x00002a6c        0x4 C:\Program Files (x86)\Cypress\PSoC Creator\3.1\PSoC Creator\psoc\content\cycomponentlibrary\CyComponentLibrary.cylib\BLE_v1_20\Library\gccCyBLEStack_BLE_SOC_PERIPHERAL.a(CyBleStackMgr_PSoCHal.o)
                0x00002a6c                CyBleStackMgr_HalReset

i.CyBleStackMgr_HandleLinkLayerTick
                0x00002a70       0x5c
 i.CyBleStackMgr_HandleLinkLayerTick
                0x00002a70       0x5c C:\Program Files (x86)\Cypress\PSoC Creator\3.1\PSoC Creator\psoc\content\cycomponentlibrary\CyComponentLibrary.cylib\BLE_v1_20\Library\gccCyBLEStack_BLE_SOC_PERIPHERAL.a(CyBleStackMgr_PSoCHal.o)
                0x00002a70                CyBleStackMgr_HandleLinkLayerTick

i.CyBleStackMgr_HciPortInit
                0x00002acc        0xc
 i.CyBleStackMgr_HciPortInit
                0x00002acc        0xc C:\Program Files (x86)\Cypress\PSoC Creator\3.1\PSoC Creator\psoc\content\cycomponentlibrary\CyComponentLibrary.cylib\BLE_v1_20\Library\gccCyBLEStack_BLE_SOC_PERIPHERAL.a(CyBleStackMgr_PSoCHal.o)
                0x00002acc                CyBleStackMgr_HciPortInit

i.CyBleStackMgr_HciPortReset
                0x00002ad8        0x2
 i.CyBleStackMgr_HciPortReset
                0x00002ad8        0x2 C:\Program Files (x86)\Cypress\PSoC Creator\3.1\PSoC Creator\psoc\content\cycomponentlibrary\CyComponentLibrary.cylib\BLE_v1_20\Library\gccCyBLEStack_BLE_SOC_PERIPHERAL.a(CyBleStackMgr_PSoCHal.o)
                0x00002ad8                CyBleStackMgr_HciPortReset

i.CyBleStackMgr_HciPortWrite
                0x00002ada        0x8
 i.CyBleStackMgr_HciPortWrite
                0x00002ada        0x8 C:\Program Files (x86)\Cypress\PSoC Creator\3.1\PSoC Creator\psoc\content\cycomponentlibrary\CyComponentLibrary.cylib\BLE_v1_20\Library\gccCyBLEStack_BLE_SOC_PERIPHERAL.a(CyBleStackMgr_PSoCHal.o)
                0x00002ada                CyBleStackMgr_HciPortWrite

i.CyBleStackMgr_ResetLinkLayerTimerEntity
                0x00002ae4       0x14
 i.CyBleStackMgr_ResetLinkLayerTimerEntity
                0x00002ae4       0x14 C:\Program Files (x86)\Cypress\PSoC Creator\3.1\PSoC Creator\psoc\content\cycomponentlibrary\CyComponentLibrary.cylib\BLE_v1_20\Library\gccCyBLEStack_BLE_SOC_PERIPHERAL.a(CyBleStackMgr_PSoCHal.o)
                0x00002ae4                CyBleStackMgr_ResetLinkLayerTimerEntity

i.CyBleStackMgr_TimerStart
                0x00002af8       0x2c
 i.CyBleStackMgr_TimerStart
                0x00002af8       0x2c C:\Program Files (x86)\Cypress\PSoC Creator\3.1\PSoC Creator\psoc\content\cycomponentlibrary\CyComponentLibrary.cylib\BLE_v1_20\Library\gccCyBLEStack_BLE_SOC_PERIPHERAL.a(CyBleStackMgr_PSoCHal.o)
                0x00002af8                CyBleStackMgr_TimerStart

i.CyBleStackMgr_TimerStop
                0x00002b24       0x18
 i.CyBleStackMgr_TimerStop
                0x00002b24       0x18 C:\Program Files (x86)\Cypress\PSoC Creator\3.1\PSoC Creator\psoc\content\cycomponentlibrary\CyComponentLibrary.cylib\BLE_v1_20\Library\gccCyBLEStack_BLE_SOC_PERIPHERAL.a(CyBleStackMgr_PSoCHal.o)
                0x00002b24                CyBleStackMgr_TimerStop

i.CyBleStackMgr_isTimerRunning
                0x00002b3c       0x10
 i.CyBleStackMgr_isTimerRunning
                0x00002b3c       0x10 C:\Program Files (x86)\Cypress\PSoC Creator\3.1\PSoC Creator\psoc\content\cycomponentlibrary\CyComponentLibrary.cylib\BLE_v1_20\Library\gccCyBLEStack_BLE_SOC_PERIPHERAL.a(CyBleStackMgr_PSoCHal.o)
                0x00002b3c                CyBleStackMgr_isTimerRunning

i.CyBleAtlantisRadioInit
                0x00002b4c      0x1ac
 i.CyBleAtlantisRadioInit
                0x00002b4c      0x1ac C:\Program Files (x86)\Cypress\PSoC Creator\3.1\PSoC Creator\psoc\content\cycomponentlibrary\CyComponentLibrary.cylib\BLE_v1_20\Library\gccCyBLEStack_BLE_SOC_PERIPHERAL.a(CyBleStackMgr_BleSSDriver.o)

i.CyBleStackMgr_BleSSFifoRead
                0x00002cf8       0x38
 i.CyBleStackMgr_BleSSFifoRead
                0x00002cf8       0x38 C:\Program Files (x86)\Cypress\PSoC Creator\3.1\PSoC Creator\psoc\content\cycomponentlibrary\CyComponentLibrary.cylib\BLE_v1_20\Library\gccCyBLEStack_BLE_SOC_PERIPHERAL.a(CyBleStackMgr_BleSSDriver.o)
                0x00002cf8                CyBleStackMgr_BleSSFifoRead

i.CyBleStackMgr_BleSSFifoWrite
                0x00002d30       0x30
 i.CyBleStackMgr_BleSSFifoWrite
                0x00002d30       0x30 C:\Program Files (x86)\Cypress\PSoC Creator\3.1\PSoC Creator\psoc\content\cycomponentlibrary\CyComponentLibrary.cylib\BLE_v1_20\Library\gccCyBLEStack_BLE_SOC_PERIPHERAL.a(CyBleStackMgr_BleSSDriver.o)
                0x00002d30                CyBleStackMgr_BleSSFifoWrite

i.CyBleStackMgr_BleSSInit
                0x00002d60       0x50
 i.CyBleStackMgr_BleSSInit
                0x00002d60       0x50 C:\Program Files (x86)\Cypress\PSoC Creator\3.1\PSoC Creator\psoc\content\cycomponentlibrary\CyComponentLibrary.cylib\BLE_v1_20\Library\gccCyBLEStack_BLE_SOC_PERIPHERAL.a(CyBleStackMgr_BleSSDriver.o)
                0x00002d60                CyBleStackMgr_BleSSInit

i.CyBleStackMgr_BleSSMemRead
                0x00002db0       0x26
 i.CyBleStackMgr_BleSSMemRead
                0x00002db0       0x26 C:\Program Files (x86)\Cypress\PSoC Creator\3.1\PSoC Creator\psoc\content\cycomponentlibrary\CyComponentLibrary.cylib\BLE_v1_20\Library\gccCyBLEStack_BLE_SOC_PERIPHERAL.a(CyBleStackMgr_BleSSDriver.o)
                0x00002db0                CyBleStackMgr_BleSSMemRead

i.CyBleStackMgr_BleSSMemWrite
                0x00002dd8       0x34
 i.CyBleStackMgr_BleSSMemWrite
                0x00002dd8       0x34 C:\Program Files (x86)\Cypress\PSoC Creator\3.1\PSoC Creator\psoc\content\cycomponentlibrary\CyComponentLibrary.cylib\BLE_v1_20\Library\gccCyBLEStack_BLE_SOC_PERIPHERAL.a(CyBleStackMgr_BleSSDriver.o)
                0x00002dd8                CyBleStackMgr_BleSSMemWrite

i.CyBleStackMgr_BleSSRegRead
                0x00002e0c        0xc
 i.CyBleStackMgr_BleSSRegRead
                0x00002e0c        0xc C:\Program Files (x86)\Cypress\PSoC Creator\3.1\PSoC Creator\psoc\content\cycomponentlibrary\CyComponentLibrary.cylib\BLE_v1_20\Library\gccCyBLEStack_BLE_SOC_PERIPHERAL.a(CyBleStackMgr_BleSSDriver.o)
                0x00002e0c                CyBleStackMgr_BleSSRegRead

i.CyBleStackMgr_BleSSRegWrite
                0x00002e18        0xc
 i.CyBleStackMgr_BleSSRegWrite
                0x00002e18        0xc C:\Program Files (x86)\Cypress\PSoC Creator\3.1\PSoC Creator\psoc\content\cycomponentlibrary\CyComponentLibrary.cylib\BLE_v1_20\Library\gccCyBLEStack_BLE_SOC_PERIPHERAL.a(CyBleStackMgr_BleSSDriver.o)
                0x00002e18                CyBleStackMgr_BleSSRegWrite

i.CyBleStackMgr_BleSSReset
                0x00002e24       0x38
 i.CyBleStackMgr_BleSSReset
                0x00002e24       0x38 C:\Program Files (x86)\Cypress\PSoC Creator\3.1\PSoC Creator\psoc\content\cycomponentlibrary\CyComponentLibrary.cylib\BLE_v1_20\Library\gccCyBLEStack_BLE_SOC_PERIPHERAL.a(CyBleStackMgr_BleSSDriver.o)
                0x00002e24                CyBleStackMgr_BleSSReset

i.CyBleStackMgr_BleSSShutdown
                0x00002e5c       0x24
 i.CyBleStackMgr_BleSSShutdown
                0x00002e5c       0x24 C:\Program Files (x86)\Cypress\PSoC Creator\3.1\PSoC Creator\psoc\content\cycomponentlibrary\CyComponentLibrary.cylib\BLE_v1_20\Library\gccCyBLEStack_BLE_SOC_PERIPHERAL.a(CyBleStackMgr_BleSSDriver.o)
                0x00002e5c                CyBleStackMgr_BleSSShutdown

i.CyBleStackMgr_GenericIface
                0x00002e80       0x3c
 i.CyBleStackMgr_GenericIface
                0x00002e80       0x3c C:\Program Files (x86)\Cypress\PSoC Creator\3.1\PSoC Creator\psoc\content\cycomponentlibrary\CyComponentLibrary.cylib\BLE_v1_20\Library\gccCyBLEStack_BLE_SOC_PERIPHERAL.a(CyBleStackMgr_BleSSDriver.o)
                0x00002e80                CyBleStackMgr_GenericIface

i.CyBleStackMgr_HandleBleSSIntr
                0x00002ebc       0x90
 i.CyBleStackMgr_HandleBleSSIntr
                0x00002ebc       0x90 C:\Program Files (x86)\Cypress\PSoC Creator\3.1\PSoC Creator\psoc\content\cycomponentlibrary\CyComponentLibrary.cylib\BLE_v1_20\Library\gccCyBLEStack_BLE_SOC_PERIPHERAL.a(CyBleStackMgr_BleSSDriver.o)
                0x00002ebc                CyBleStackMgr_HandleBleSSIntr

i.CyBleStackMgr_SetClockParam
                0x00002f4c       0xb4
 i.CyBleStackMgr_SetClockParam
                0x00002f4c       0xb4 C:\Program Files (x86)\Cypress\PSoC Creator\3.1\PSoC Creator\psoc\content\cycomponentlibrary\CyComponentLibrary.cylib\BLE_v1_20\Library\gccCyBLEStack_BLE_SOC_PERIPHERAL.a(CyBleStackMgr_BleSSDriver.o)

i.CyBleStackMgr_isXtalCpuClkSource
                0x00003000       0x18
 i.CyBleStackMgr_isXtalCpuClkSource
                0x00003000       0x18 C:\Program Files (x86)\Cypress\PSoC Creator\3.1\PSoC Creator\psoc\content\cycomponentlibrary\CyComponentLibrary.cylib\BLE_v1_20\Library\gccCyBLEStack_BLE_SOC_PERIPHERAL.a(CyBleStackMgr_BleSSDriver.o)
                0x00003000                CyBleStackMgr_isXtalCpuClkSource

i.CyBle_EnterDsmMode
                0x00003018       0x3c
 i.CyBle_EnterDsmMode
                0x00003018       0x3c C:\Program Files (x86)\Cypress\PSoC Creator\3.1\PSoC Creator\psoc\content\cycomponentlibrary\CyComponentLibrary.cylib\BLE_v1_20\Library\gccCyBLEStack_BLE_SOC_PERIPHERAL.a(CyBleStackMgr_BleSSDriver.o)
                0x00003018                CyBle_EnterDsmMode

i.CyBle_ExitDsmMode
                0x00003054       0x2c
 i.CyBle_ExitDsmMode
                0x00003054       0x2c C:\Program Files (x86)\Cypress\PSoC Creator\3.1\PSoC Creator\psoc\content\cycomponentlibrary\CyComponentLibrary.cylib\BLE_v1_20\Library\gccCyBLEStack_BLE_SOC_PERIPHERAL.a(CyBleStackMgr_BleSSDriver.o)
                0x00003054                CyBle_ExitDsmMode

i.CyBle_GetBleSsOperationalMode
                0x00003080        0xc
 i.CyBle_GetBleSsOperationalMode
                0x00003080        0xc C:\Program Files (x86)\Cypress\PSoC Creator\3.1\PSoC Creator\psoc\content\cycomponentlibrary\CyComponentLibrary.cylib\BLE_v1_20\Library\gccCyBLEStack_BLE_SOC_PERIPHERAL.a(CyBleStackMgr_BleSSDriver.o)
                0x00003080                CyBle_GetBleSsOperationalMode

i.CyBle_GetEventCloseState
                0x0000308c       0x10
 i.CyBle_GetEventCloseState
                0x0000308c       0x10 C:\Program Files (x86)\Cypress\PSoC Creator\3.1\PSoC Creator\psoc\content\cycomponentlibrary\CyComponentLibrary.cylib\BLE_v1_20\Library\gccCyBLEStack_BLE_SOC_PERIPHERAL.a(CyBleStackMgr_BleSSDriver.o)
                0x0000308c                CyBle_GetEventCloseState

i.CyBle_GetLpMode
                0x0000309c       0x26
 i.CyBle_GetLpMode
                0x0000309c       0x26 C:\Program Files (x86)\Cypress\PSoC Creator\3.1\PSoC Creator\psoc\content\cycomponentlibrary\CyComponentLibrary.cylib\BLE_v1_20\Library\gccCyBLEStack_BLE_SOC_PERIPHERAL.a(CyBleStackMgr_BleSSDriver.o)
                0x0000309c                CyBle_GetLpMode

i.CyBle_GetTxGainMode
                0x000030c4       0x2c
 i.CyBle_GetTxGainMode
                0x000030c4       0x2c C:\Program Files (x86)\Cypress\PSoC Creator\3.1\PSoC Creator\psoc\content\cycomponentlibrary\CyComponentLibrary.cylib\BLE_v1_20\Library\gccCyBLEStack_BLE_SOC_PERIPHERAL.a(CyBleStackMgr_BleSSDriver.o)
                0x000030c4                CyBle_GetTxGainMode

i.CyBle_SetAutoWakeUp
                0x000030f0        0xc
 i.CyBle_SetAutoWakeUp
                0x000030f0        0xc C:\Program Files (x86)\Cypress\PSoC Creator\3.1\PSoC Creator\psoc\content\cycomponentlibrary\CyComponentLibrary.cylib\BLE_v1_20\Library\gccCyBLEStack_BLE_SOC_PERIPHERAL.a(CyBleStackMgr_BleSSDriver.o)
                0x000030f0                CyBle_SetAutoWakeUp

i.CyBle_SetBleSsOperationalMode
                0x000030fc       0x20
 i.CyBle_SetBleSsOperationalMode
                0x000030fc       0x20 C:\Program Files (x86)\Cypress\PSoC Creator\3.1\PSoC Creator\psoc\content\cycomponentlibrary\CyComponentLibrary.cylib\BLE_v1_20\Library\gccCyBLEStack_BLE_SOC_PERIPHERAL.a(CyBleStackMgr_BleSSDriver.o)
                0x000030fc                CyBle_SetBleSsOperationalMode

i.CyBle_SetEventCloseState
                0x0000311c        0xc
 i.CyBle_SetEventCloseState
                0x0000311c        0xc C:\Program Files (x86)\Cypress\PSoC Creator\3.1\PSoC Creator\psoc\content\cycomponentlibrary\CyComponentLibrary.cylib\BLE_v1_20\Library\gccCyBLEStack_BLE_SOC_PERIPHERAL.a(CyBleStackMgr_BleSSDriver.o)
                0x0000311c                CyBle_SetEventCloseState

i.CyBle_SetRxGainMode
                0x00003128       0x20
 i.CyBle_SetRxGainMode
                0x00003128       0x20 C:\Program Files (x86)\Cypress\PSoC Creator\3.1\PSoC Creator\psoc\content\cycomponentlibrary\CyComponentLibrary.cylib\BLE_v1_20\Library\gccCyBLEStack_BLE_SOC_PERIPHERAL.a(CyBleStackMgr_BleSSDriver.o)
                0x00003128                CyBle_SetRxGainMode

i.CyBle_SetTxGainMode
                0x00003148       0x38
 i.CyBle_SetTxGainMode
                0x00003148       0x38 C:\Program Files (x86)\Cypress\PSoC Creator\3.1\PSoC Creator\psoc\content\cycomponentlibrary\CyComponentLibrary.cylib\BLE_v1_20\Library\gccCyBLEStack_BLE_SOC_PERIPHERAL.a(CyBleStackMgr_BleSSDriver.o)
                0x00003148                CyBle_SetTxGainMode

i.pf_rf_get_abs_rssi
                0x00003180       0x24
 i.pf_rf_get_abs_rssi
                0x00003180       0x24 C:\Program Files (x86)\Cypress\PSoC Creator\3.1\PSoC Creator\psoc\content\cycomponentlibrary\CyComponentLibrary.cylib\BLE_v1_20\Library\gccCyBLEStack_BLE_SOC_PERIPHERAL.a(CyBleStackMgr_BleSSDriver.o)
                0x00003180                pf_rf_get_abs_rssi

i.OS_init       0x000031a4       0x64
 i.OS_init      0x000031a4       0x64 C:\Program Files (x86)\Cypress\PSoC Creator\3.1\PSoC Creator\psoc\content\cycomponentlibrary\CyComponentLibrary.cylib\BLE_v1_20\Library\gccCyBLEStack_BLE_SOC_PERIPHERAL.a(mint_os.o)
                0x000031a4                OS_init

i.OS_shutdown   0x00003208        0x4
 i.OS_shutdown  0x00003208        0x4 C:\Program Files (x86)\Cypress\PSoC Creator\3.1\PSoC Creator\psoc\content\cycomponentlibrary\CyComponentLibrary.cylib\BLE_v1_20\Library\gccCyBLEStack_BLE_SOC_PERIPHERAL.a(mint_os.o)
                0x00003208                OS_shutdown

i.mintos_malloc
                0x0000320c       0x34
 i.mintos_malloc
                0x0000320c       0x34 C:\Program Files (x86)\Cypress\PSoC Creator\3.1\PSoC Creator\psoc\content\cycomponentlibrary\CyComponentLibrary.cylib\BLE_v1_20\Library\gccCyBLEStack_BLE_SOC_PERIPHERAL.a(mint_os.o)
                0x0000320c                mintos_malloc

i.OS_create_queue
                0x00003240       0x64
 i.OS_create_queue
                0x00003240       0x64 C:\Program Files (x86)\Cypress\PSoC Creator\3.1\PSoC Creator\psoc\content\cycomponentlibrary\CyComponentLibrary.cylib\BLE_v1_20\Library\gccCyBLEStack_BLE_SOC_PERIPHERAL.a(mint_os_queue.o)
                0x00003240                OS_create_queue

i.OS_enqueue_item
                0x000032a4       0x8c
 i.OS_enqueue_item
                0x000032a4       0x8c C:\Program Files (x86)\Cypress\PSoC Creator\3.1\PSoC Creator\psoc\content\cycomponentlibrary\CyComponentLibrary.cylib\BLE_v1_20\Library\gccCyBLEStack_BLE_SOC_PERIPHERAL.a(mint_os_queue.o)
                0x000032a4                OS_enqueue_item

i.OS_queue_get_num_of_items
                0x00003330       0x28
 i.OS_queue_get_num_of_items
                0x00003330       0x28 C:\Program Files (x86)\Cypress\PSoC Creator\3.1\PSoC Creator\psoc\content\cycomponentlibrary\CyComponentLibrary.cylib\BLE_v1_20\Library\gccCyBLEStack_BLE_SOC_PERIPHERAL.a(mint_os_queue.o)
                0x00003330                OS_queue_get_num_of_items

i.OS_queue_mgmt_init
                0x00003358       0x40
 i.OS_queue_mgmt_init
                0x00003358       0x40 C:\Program Files (x86)\Cypress\PSoC Creator\3.1\PSoC Creator\psoc\content\cycomponentlibrary\CyComponentLibrary.cylib\BLE_v1_20\Library\gccCyBLEStack_BLE_SOC_PERIPHERAL.a(mint_os_queue.o)
                0x00003358                OS_queue_mgmt_init

i.OS_remove_item
                0x00003398       0xa0
 i.OS_remove_item
                0x00003398       0xa0 C:\Program Files (x86)\Cypress\PSoC Creator\3.1\PSoC Creator\psoc\content\cycomponentlibrary\CyComponentLibrary.cylib\BLE_v1_20\Library\gccCyBLEStack_BLE_SOC_PERIPHERAL.a(mint_os_queue.o)
                0x00003398                OS_remove_item

i.OS_create_task
                0x00003438       0x88
 i.OS_create_task
                0x00003438       0x88 C:\Program Files (x86)\Cypress\PSoC Creator\3.1\PSoC Creator\psoc\content\cycomponentlibrary\CyComponentLibrary.cylib\BLE_v1_20\Library\gccCyBLEStack_BLE_SOC_PERIPHERAL.a(mint_os_task.o)
                0x00003438                OS_create_task

i.OS_isr_send_signal_to_task
                0x000034c0        0xc
 i.OS_isr_send_signal_to_task
                0x000034c0        0xc C:\Program Files (x86)\Cypress\PSoC Creator\3.1\PSoC Creator\psoc\content\cycomponentlibrary\CyComponentLibrary.cylib\BLE_v1_20\Library\gccCyBLEStack_BLE_SOC_PERIPHERAL.a(mint_os_task.o)
                0x000034c0                OS_isr_send_signal_to_task

i.OS_scheduler  0x000034cc       0x64
 i.OS_scheduler
                0x000034cc       0x64 C:\Program Files (x86)\Cypress\PSoC Creator\3.1\PSoC Creator\psoc\content\cycomponentlibrary\CyComponentLibrary.cylib\BLE_v1_20\Library\gccCyBLEStack_BLE_SOC_PERIPHERAL.a(mint_os_task.o)
                0x000034cc                OS_scheduler

i.OS_send_signal_to_task
                0x00003530        0xc
 i.OS_send_signal_to_task
                0x00003530        0xc C:\Program Files (x86)\Cypress\PSoC Creator\3.1\PSoC Creator\psoc\content\cycomponentlibrary\CyComponentLibrary.cylib\BLE_v1_20\Library\gccCyBLEStack_BLE_SOC_PERIPHERAL.a(mint_os_task.o)
                0x00003530                OS_send_signal_to_task

i.OS_send_signal_to_task_context
                0x0000353c       0x3c
 i.OS_send_signal_to_task_context
                0x0000353c       0x3c C:\Program Files (x86)\Cypress\PSoC Creator\3.1\PSoC Creator\psoc\content\cycomponentlibrary\CyComponentLibrary.cylib\BLE_v1_20\Library\gccCyBLEStack_BLE_SOC_PERIPHERAL.a(mint_os_task.o)

i.OS_task_mgmt_init
                0x00003578       0x50
 i.OS_task_mgmt_init
                0x00003578       0x50 C:\Program Files (x86)\Cypress\PSoC Creator\3.1\PSoC Creator\psoc\content\cycomponentlibrary\CyComponentLibrary.cylib\BLE_v1_20\Library\gccCyBLEStack_BLE_SOC_PERIPHERAL.a(mint_os_task.o)
                0x00003578                OS_task_mgmt_init

i.mint_buf_mgmt_allocate_buffer
                0x000035c8       0x4c
 i.mint_buf_mgmt_allocate_buffer
                0x000035c8       0x4c C:\Program Files (x86)\Cypress\PSoC Creator\3.1\PSoC Creator\psoc\content\cycomponentlibrary\CyComponentLibrary.cylib\BLE_v1_20\Library\gccCyBLEStack_BLE_SOC_PERIPHERAL.a(mint_buf_mgmt.o)
                0x000035c8                mint_buf_mgmt_allocate_buffer

i.mint_buf_mgmt_create_pool
                0x00003614       0xd8
 i.mint_buf_mgmt_create_pool
                0x00003614       0xd8 C:\Program Files (x86)\Cypress\PSoC Creator\3.1\PSoC Creator\psoc\content\cycomponentlibrary\CyComponentLibrary.cylib\BLE_v1_20\Library\gccCyBLEStack_BLE_SOC_PERIPHERAL.a(mint_buf_mgmt.o)
                0x00003614                mint_buf_mgmt_create_pool

i.mint_buf_mgmt_free_buffer
                0x000036ec       0xa4
 i.mint_buf_mgmt_free_buffer
                0x000036ec       0xa4 C:\Program Files (x86)\Cypress\PSoC Creator\3.1\PSoC Creator\psoc\content\cycomponentlibrary\CyComponentLibrary.cylib\BLE_v1_20\Library\gccCyBLEStack_BLE_SOC_PERIPHERAL.a(mint_buf_mgmt.o)
                0x000036ec                mint_buf_mgmt_free_buffer

i.mint_buf_mgmt_get_free_heap
                0x00003790       0x1c
 i.mint_buf_mgmt_get_free_heap
                0x00003790       0x1c C:\Program Files (x86)\Cypress\PSoC Creator\3.1\PSoC Creator\psoc\content\cycomponentlibrary\CyComponentLibrary.cylib\BLE_v1_20\Library\gccCyBLEStack_BLE_SOC_PERIPHERAL.a(mint_buf_mgmt.o)
                0x00003790                mint_buf_mgmt_get_free_heap

i.mint_buf_mgmt_init
                0x000037ac       0x44
 i.mint_buf_mgmt_init
                0x000037ac       0x44 C:\Program Files (x86)\Cypress\PSoC Creator\3.1\PSoC Creator\psoc\content\cycomponentlibrary\CyComponentLibrary.cylib\BLE_v1_20\Library\gccCyBLEStack_BLE_SOC_PERIPHERAL.a(mint_buf_mgmt.o)
                0x000037ac                mint_buf_mgmt_init

i.mint_buf_mgmt_malloc
                0x000037f0       0x2c
 i.mint_buf_mgmt_malloc
                0x000037f0       0x2c C:\Program Files (x86)\Cypress\PSoC Creator\3.1\PSoC Creator\psoc\content\cycomponentlibrary\CyComponentLibrary.cylib\BLE_v1_20\Library\gccCyBLEStack_BLE_SOC_PERIPHERAL.a(mint_buf_mgmt.o)
                0x000037f0                mint_buf_mgmt_malloc

i.mint_buf_mgmt_reset_pool
                0x0000381c       0x70
 i.mint_buf_mgmt_reset_pool
                0x0000381c       0x70 C:\Program Files (x86)\Cypress\PSoC Creator\3.1\PSoC Creator\psoc\content\cycomponentlibrary\CyComponentLibrary.cylib\BLE_v1_20\Library\gccCyBLEStack_BLE_SOC_PERIPHERAL.a(mint_buf_mgmt.o)
                0x0000381c                mint_buf_mgmt_reset_pool

i.mint_buf_mgmt_stack_init
                0x0000388c       0x24
 i.mint_buf_mgmt_stack_init
                0x0000388c       0x24 C:\Program Files (x86)\Cypress\PSoC Creator\3.1\PSoC Creator\psoc\content\cycomponentlibrary\CyComponentLibrary.cylib\BLE_v1_20\Library\gccCyBLEStack_BLE_SOC_PERIPHERAL.a(mint_buf_mgmt.o)
                0x0000388c                mint_buf_mgmt_stack_init

i.mint_buf_mgmt_stack_pop
                0x000038b0       0x36
 i.mint_buf_mgmt_stack_pop
                0x000038b0       0x36 C:\Program Files (x86)\Cypress\PSoC Creator\3.1\PSoC Creator\psoc\content\cycomponentlibrary\CyComponentLibrary.cylib\BLE_v1_20\Library\gccCyBLEStack_BLE_SOC_PERIPHERAL.a(mint_buf_mgmt.o)
                0x000038b0                mint_buf_mgmt_stack_pop

i.mint_buf_mgmt_stack_push
                0x000038e6       0x36
 i.mint_buf_mgmt_stack_push
                0x000038e6       0x36 C:\Program Files (x86)\Cypress\PSoC Creator\3.1\PSoC Creator\psoc\content\cycomponentlibrary\CyComponentLibrary.cylib\BLE_v1_20\Library\gccCyBLEStack_BLE_SOC_PERIPHERAL.a(mint_buf_mgmt.o)
                0x000038e6                mint_buf_mgmt_stack_push

i.mint_buf_mgmt_stack_reset
                0x0000391c       0x1e
 i.mint_buf_mgmt_stack_reset
                0x0000391c       0x1e C:\Program Files (x86)\Cypress\PSoC Creator\3.1\PSoC Creator\psoc\content\cycomponentlibrary\CyComponentLibrary.cylib\BLE_v1_20\Library\gccCyBLEStack_BLE_SOC_PERIPHERAL.a(mint_buf_mgmt.o)
                0x0000391c                mint_buf_mgmt_stack_reset

i.mint_buf_mgmt_stack_search_item
                0x0000393a       0x30
 i.mint_buf_mgmt_stack_search_item
                0x0000393a       0x30 C:\Program Files (x86)\Cypress\PSoC Creator\3.1\PSoC Creator\psoc\content\cycomponentlibrary\CyComponentLibrary.cylib\BLE_v1_20\Library\gccCyBLEStack_BLE_SOC_PERIPHERAL.a(mint_buf_mgmt.o)
                0x0000393a                mint_buf_mgmt_stack_search_item

i.mint_buf_mgmt_pl_init
                0x0000396c       0x2c
 i.mint_buf_mgmt_pl_init
                0x0000396c       0x2c C:\Program Files (x86)\Cypress\PSoC Creator\3.1\PSoC Creator\psoc\content\cycomponentlibrary\CyComponentLibrary.cylib\BLE_v1_20\Library\gccCyBLEStack_BLE_SOC_PERIPHERAL.a(mint_buf_mgmt_pl.o)
                0x0000396c                mint_buf_mgmt_pl_init

i.CyBleControllerIP_GetPingState
                0x00003998        0xc
 i.CyBleControllerIP_GetPingState
                0x00003998        0xc C:\Program Files (x86)\Cypress\PSoC Creator\3.1\PSoC Creator\psoc\content\cycomponentlibrary\CyComponentLibrary.cylib\BLE_v1_20\Library\gccCyBLEStack_BLE_SOC_PERIPHERAL.a(CyBleControllerIP_Interface.o)
                0x00003998                CyBleControllerIP_GetPingState

i.CyBleController_AddDeviceToWhiteList
                0x000039a4       0x40
 i.CyBleController_AddDeviceToWhiteList
                0x000039a4       0x40 C:\Program Files (x86)\Cypress\PSoC Creator\3.1\PSoC Creator\psoc\content\cycomponentlibrary\CyComponentLibrary.cylib\BLE_v1_20\Library\gccCyBLEStack_BLE_SOC_PERIPHERAL.a(CyBleControllerIP_Interface.o)
                0x000039a4                CyBleController_AddDeviceToWhiteList

i.CyBleController_EnterLowPowerMode
                0x000039e4       0x2c
 i.CyBleController_EnterLowPowerMode
                0x000039e4       0x2c C:\Program Files (x86)\Cypress\PSoC Creator\3.1\PSoC Creator\psoc\content\cycomponentlibrary\CyComponentLibrary.cylib\BLE_v1_20\Library\gccCyBLEStack_BLE_SOC_PERIPHERAL.a(CyBleControllerIP_Interface.o)
                0x000039e4                CyBleController_EnterLowPowerMode

i.CyBleController_ExitLowPowerMode
                0x00003a10       0x10
 i.CyBleController_ExitLowPowerMode
                0x00003a10       0x10 C:\Program Files (x86)\Cypress\PSoC Creator\3.1\PSoC Creator\psoc\content\cycomponentlibrary\CyComponentLibrary.cylib\BLE_v1_20\Library\gccCyBLEStack_BLE_SOC_PERIPHERAL.a(CyBleControllerIP_Interface.o)
                0x00003a10                CyBleController_ExitLowPowerMode

i.CyBleController_Init
                0x00003a20       0x3c
 i.CyBleController_Init
                0x00003a20       0x3c C:\Program Files (x86)\Cypress\PSoC Creator\3.1\PSoC Creator\psoc\content\cycomponentlibrary\CyComponentLibrary.cylib\BLE_v1_20\Library\gccCyBLEStack_BLE_SOC_PERIPHERAL.a(CyBleControllerIP_Interface.o)
                0x00003a20                CyBleController_Init

i.CyBleController_Reset
                0x00003a5c       0x10
 i.CyBleController_Reset
                0x00003a5c       0x10 C:\Program Files (x86)\Cypress\PSoC Creator\3.1\PSoC Creator\psoc\content\cycomponentlibrary\CyComponentLibrary.cylib\BLE_v1_20\Library\gccCyBLEStack_BLE_SOC_PERIPHERAL.a(CyBleControllerIP_Interface.o)
                0x00003a5c                CyBleController_Reset

i.CyBleController_SetDeviceAddress
                0x00003a6c       0x2e
 i.CyBleController_SetDeviceAddress
                0x00003a6c       0x2e C:\Program Files (x86)\Cypress\PSoC Creator\3.1\PSoC Creator\psoc\content\cycomponentlibrary\CyComponentLibrary.cylib\BLE_v1_20\Library\gccCyBLEStack_BLE_SOC_PERIPHERAL.a(CyBleControllerIP_Interface.o)
                0x00003a6c                CyBleController_SetDeviceAddress

i.CyBleController_Shutdown
                0x00003a9a        0x2
 i.CyBleController_Shutdown
                0x00003a9a        0x2 C:\Program Files (x86)\Cypress\PSoC Creator\3.1\PSoC Creator\psoc\content\cycomponentlibrary\CyComponentLibrary.cylib\BLE_v1_20\Library\gccCyBLEStack_BLE_SOC_PERIPHERAL.a(CyBleControllerIP_Interface.o)
                0x00003a9a                CyBleController_Shutdown

i.CyBle_GetBleSsState
                0x00003a9c       0x10
 i.CyBle_GetBleSsState
                0x00003a9c       0x10 C:\Program Files (x86)\Cypress\PSoC Creator\3.1\PSoC Creator\psoc\content\cycomponentlibrary\CyComponentLibrary.cylib\BLE_v1_20\Library\gccCyBLEStack_BLE_SOC_PERIPHERAL.a(CyBleControllerIP_Interface.o)
                0x00003a9c                CyBle_GetBleSsState

i.CyBle_GetTxPowerLevel
                0x00003aac       0x4e
 i.CyBle_GetTxPowerLevel
                0x00003aac       0x4e C:\Program Files (x86)\Cypress\PSoC Creator\3.1\PSoC Creator\psoc\content\cycomponentlibrary\CyComponentLibrary.cylib\BLE_v1_20\Library\gccCyBLEStack_BLE_SOC_PERIPHERAL.a(CyBleControllerIP_Interface.o)
                0x00003aac                CyBle_GetTxPowerLevel

i.CyBle_SetTxPowerLevel
                0x00003afa       0x56
 i.CyBle_SetTxPowerLevel
                0x00003afa       0x56 C:\Program Files (x86)\Cypress\PSoC Creator\3.1\PSoC Creator\psoc\content\cycomponentlibrary\CyComponentLibrary.cylib\BLE_v1_20\Library\gccCyBLEStack_BLE_SOC_PERIPHERAL.a(CyBleControllerIP_Interface.o)
                0x00003afa                CyBle_SetTxPowerLevel

i.ll_check_and_mark_packet_ready_for_transmission
                0x00003b50       0x28
 i.ll_check_and_mark_packet_ready_for_transmission
                0x00003b50       0x28 C:\Program Files (x86)\Cypress\PSoC Creator\3.1\PSoC Creator\psoc\content\cycomponentlibrary\CyComponentLibrary.cylib\BLE_v1_20\Library\gccCyBLEStack_BLE_SOC_PERIPHERAL.a(ll.o)
                0x00003b50                ll_check_and_mark_packet_ready_for_transmission

i.ll_cleanup_pending_data_pdu
                0x00003b78       0x38
 i.ll_cleanup_pending_data_pdu
                0x00003b78       0x38 C:\Program Files (x86)\Cypress\PSoC Creator\3.1\PSoC Creator\psoc\content\cycomponentlibrary\CyComponentLibrary.cylib\BLE_v1_20\Library\gccCyBLEStack_BLE_SOC_PERIPHERAL.a(ll.o)
                0x00003b78                ll_cleanup_pending_data_pdu

i.ll_enter_dsm_mode
                0x00003bb0      0x1a4
 i.ll_enter_dsm_mode
                0x00003bb0      0x1a4 C:\Program Files (x86)\Cypress\PSoC Creator\3.1\PSoC Creator\psoc\content\cycomponentlibrary\CyComponentLibrary.cylib\BLE_v1_20\Library\gccCyBLEStack_BLE_SOC_PERIPHERAL.a(ll.o)
                0x00003bb0                ll_enter_dsm_mode

i.ll_enter_hibernate_mode
                0x00003d54       0x28
 i.ll_enter_hibernate_mode
                0x00003d54       0x28 C:\Program Files (x86)\Cypress\PSoC Creator\3.1\PSoC Creator\psoc\content\cycomponentlibrary\CyComponentLibrary.cylib\BLE_v1_20\Library\gccCyBLEStack_BLE_SOC_PERIPHERAL.a(ll.o)
                0x00003d54                ll_enter_hibernate_mode

i.ll_enter_sm_mode
                0x00003d7c       0x60
 i.ll_enter_sm_mode
                0x00003d7c       0x60 C:\Program Files (x86)\Cypress\PSoC Creator\3.1\PSoC Creator\psoc\content\cycomponentlibrary\CyComponentLibrary.cylib\BLE_v1_20\Library\gccCyBLEStack_BLE_SOC_PERIPHERAL.a(ll.o)
                0x00003d7c                ll_enter_sm_mode

i.ll_exit_low_power_mode
                0x00003ddc       0xac
 i.ll_exit_low_power_mode
                0x00003ddc       0xac C:\Program Files (x86)\Cypress\PSoC Creator\3.1\PSoC Creator\psoc\content\cycomponentlibrary\CyComponentLibrary.cylib\BLE_v1_20\Library\gccCyBLEStack_BLE_SOC_PERIPHERAL.a(ll.o)
                0x00003ddc                ll_exit_low_power_mode

i.ll_get_ack_status
                0x00003e88       0x3c
 i.ll_get_ack_status
                0x00003e88       0x3c C:\Program Files (x86)\Cypress\PSoC Creator\3.1\PSoC Creator\psoc\content\cycomponentlibrary\CyComponentLibrary.cylib\BLE_v1_20\Library\gccCyBLEStack_BLE_SOC_PERIPHERAL.a(ll.o)
                0x00003e88                ll_get_ack_status

i.ll_get_ack_status_for_all_connections
                0x00003ec4       0x34
 i.ll_get_ack_status_for_all_connections
                0x00003ec4       0x34 C:\Program Files (x86)\Cypress\PSoC Creator\3.1\PSoC Creator\psoc\content\cycomponentlibrary\CyComponentLibrary.cylib\BLE_v1_20\Library\gccCyBLEStack_BLE_SOC_PERIPHERAL.a(ll.o)
                0x00003ec4                ll_get_ack_status_for_all_connections

i.ll_get_adv_ch_tx_power
                0x00003ef8       0x20
 i.ll_get_adv_ch_tx_power
                0x00003ef8       0x20 C:\Program Files (x86)\Cypress\PSoC Creator\3.1\PSoC Creator\psoc\content\cycomponentlibrary\CyComponentLibrary.cylib\BLE_v1_20\Library\gccCyBLEStack_BLE_SOC_PERIPHERAL.a(ll.o)
                0x00003ef8                ll_get_adv_ch_tx_power

i.ll_get_data_channel_map
                0x00003f18       0x24
 i.ll_get_data_channel_map
                0x00003f18       0x24 C:\Program Files (x86)\Cypress\PSoC Creator\3.1\PSoC Creator\psoc\content\cycomponentlibrary\CyComponentLibrary.cylib\BLE_v1_20\Library\gccCyBLEStack_BLE_SOC_PERIPHERAL.a(ll.o)
                0x00003f18                ll_get_data_channel_map

i.ll_get_max_white_list_size
                0x00003f3c        0xc
 i.ll_get_max_white_list_size
                0x00003f3c        0xc C:\Program Files (x86)\Cypress\PSoC Creator\3.1\PSoC Creator\psoc\content\cycomponentlibrary\CyComponentLibrary.cylib\BLE_v1_20\Library\gccCyBLEStack_BLE_SOC_PERIPHERAL.a(ll.o)
                0x00003f3c                ll_get_max_white_list_size

i.ll_get_my_role
                0x00003f48        0xc
 i.ll_get_my_role
                0x00003f48        0xc C:\Program Files (x86)\Cypress\PSoC Creator\3.1\PSoC Creator\psoc\content\cycomponentlibrary\CyComponentLibrary.cylib\BLE_v1_20\Library\gccCyBLEStack_BLE_SOC_PERIPHERAL.a(ll.o)
                0x00003f48                ll_get_my_role

i.ll_get_next_available_fifo_for_data_pdu
                0x00003f54        0x8
 i.ll_get_next_available_fifo_for_data_pdu
                0x00003f54        0x8 C:\Program Files (x86)\Cypress\PSoC Creator\3.1\PSoC Creator\psoc\content\cycomponentlibrary\CyComponentLibrary.cylib\BLE_v1_20\Library\gccCyBLEStack_BLE_SOC_PERIPHERAL.a(ll.o)
                0x00003f54                ll_get_next_available_fifo_for_data_pdu

i.ll_get_next_available_fifo_for_ll_pdu
                0x00003f5c       0x24
 i.ll_get_next_available_fifo_for_ll_pdu
                0x00003f5c       0x24 C:\Program Files (x86)\Cypress\PSoC Creator\3.1\PSoC Creator\psoc\content\cycomponentlibrary\CyComponentLibrary.cylib\BLE_v1_20\Library\gccCyBLEStack_BLE_SOC_PERIPHERAL.a(ll.o)
                0x00003f5c                ll_get_next_available_fifo_for_ll_pdu

i.ll_get_rssi_value
                0x00003f80       0x26
 i.ll_get_rssi_value
                0x00003f80       0x26 C:\Program Files (x86)\Cypress\PSoC Creator\3.1\PSoC Creator\psoc\content\cycomponentlibrary\CyComponentLibrary.cylib\BLE_v1_20\Library\gccCyBLEStack_BLE_SOC_PERIPHERAL.a(ll.o)
                0x00003f80                ll_get_rssi_value

i.ll_get_transmit_power_level
                0x00003fa8       0x2c
 i.ll_get_transmit_power_level
                0x00003fa8       0x2c C:\Program Files (x86)\Cypress\PSoC Creator\3.1\PSoC Creator\psoc\content\cycomponentlibrary\CyComponentLibrary.cylib\BLE_v1_20\Library\gccCyBLEStack_BLE_SOC_PERIPHERAL.a(ll.o)
                0x00003fa8                ll_get_transmit_power_level

i.ll_handle_ack_received
                0x00003fd4       0x74
 i.ll_handle_ack_received
                0x00003fd4       0x74 C:\Program Files (x86)\Cypress\PSoC Creator\3.1\PSoC Creator\psoc\content\cycomponentlibrary\CyComponentLibrary.cylib\BLE_v1_20\Library\gccCyBLEStack_BLE_SOC_PERIPHERAL.a(ll.o)
                0x00003fd4                ll_handle_ack_received

i.ll_handle_add_device_in_whitelist
                0x00004048       0x3a
 i.ll_handle_add_device_in_whitelist
                0x00004048       0x3a C:\Program Files (x86)\Cypress\PSoC Creator\3.1\PSoC Creator\psoc\content\cycomponentlibrary\CyComponentLibrary.cylib\BLE_v1_20\Library\gccCyBLEStack_BLE_SOC_PERIPHERAL.a(ll.o)
                0x00004048                ll_handle_add_device_in_whitelist

i.ll_handle_clear_whitelist
                0x00004082       0x16
 i.ll_handle_clear_whitelist
                0x00004082       0x16 C:\Program Files (x86)\Cypress\PSoC Creator\3.1\PSoC Creator\psoc\content\cycomponentlibrary\CyComponentLibrary.cylib\BLE_v1_20\Library\gccCyBLEStack_BLE_SOC_PERIPHERAL.a(ll.o)
                0x00004082                ll_handle_clear_whitelist

i.ll_handle_encrypt_host_data
                0x00004098       0x36
 i.ll_handle_encrypt_host_data
                0x00004098       0x36 C:\Program Files (x86)\Cypress\PSoC Creator\3.1\PSoC Creator\psoc\content\cycomponentlibrary\CyComponentLibrary.cylib\BLE_v1_20\Library\gccCyBLEStack_BLE_SOC_PERIPHERAL.a(ll.o)
                0x00004098                ll_handle_encrypt_host_data

i.ll_handle_host_data_packet
                0x000040ce       0x54
 i.ll_handle_host_data_packet
                0x000040ce       0x54 C:\Program Files (x86)\Cypress\PSoC Creator\3.1\PSoC Creator\psoc\content\cycomponentlibrary\CyComponentLibrary.cylib\BLE_v1_20\Library\gccCyBLEStack_BLE_SOC_PERIPHERAL.a(ll.o)
                0x000040ce                ll_handle_host_data_packet

i.ll_handle_read_host_channel_map
                0x00004122        0x4
 i.ll_handle_read_host_channel_map
                0x00004122        0x4 C:\Program Files (x86)\Cypress\PSoC Creator\3.1\PSoC Creator\psoc\content\cycomponentlibrary\CyComponentLibrary.cylib\BLE_v1_20\Library\gccCyBLEStack_BLE_SOC_PERIPHERAL.a(ll.o)
                0x00004122                ll_handle_read_host_channel_map

i.ll_handle_remove_device_in_whitelist
                0x00004126       0x2a
 i.ll_handle_remove_device_in_whitelist
                0x00004126       0x2a C:\Program Files (x86)\Cypress\PSoC Creator\3.1\PSoC Creator\psoc\content\cycomponentlibrary\CyComponentLibrary.cylib\BLE_v1_20\Library\gccCyBLEStack_BLE_SOC_PERIPHERAL.a(ll.o)
                0x00004126                ll_handle_remove_device_in_whitelist

i.ll_handle_reset
                0x00004150        0xe
 i.ll_handle_reset
                0x00004150        0xe C:\Program Files (x86)\Cypress\PSoC Creator\3.1\PSoC Creator\psoc\content\cycomponentlibrary\CyComponentLibrary.cylib\BLE_v1_20\Library\gccCyBLEStack_BLE_SOC_PERIPHERAL.a(ll.o)
                0x00004150                ll_handle_reset

i.ll_handle_set_random_address
                0x0000415e       0x36
 i.ll_handle_set_random_address
                0x0000415e       0x36 C:\Program Files (x86)\Cypress\PSoC Creator\3.1\PSoC Creator\psoc\content\cycomponentlibrary\CyComponentLibrary.cylib\BLE_v1_20\Library\gccCyBLEStack_BLE_SOC_PERIPHERAL.a(ll.o)
                0x0000415e                ll_handle_set_random_address

i.ll_init       0x00004194       0x18
 i.ll_init      0x00004194       0x18 C:\Program Files (x86)\Cypress\PSoC Creator\3.1\PSoC Creator\psoc\content\cycomponentlibrary\CyComponentLibrary.cylib\BLE_v1_20\Library\gccCyBLEStack_BLE_SOC_PERIPHERAL.a(ll.o)
                0x00004194                ll_init

i.ll_initialize_device_attributes
                0x000041ac       0x4c
 i.ll_initialize_device_attributes
                0x000041ac       0x4c C:\Program Files (x86)\Cypress\PSoC Creator\3.1\PSoC Creator\psoc\content\cycomponentlibrary\CyComponentLibrary.cylib\BLE_v1_20\Library\gccCyBLEStack_BLE_SOC_PERIPHERAL.a(ll.o)
                0x000041ac                ll_initialize_device_attributes

i.ll_is_pkt_pending
                0x000041f8       0x2a
 i.ll_is_pkt_pending
                0x000041f8       0x2a C:\Program Files (x86)\Cypress\PSoC Creator\3.1\PSoC Creator\psoc\content\cycomponentlibrary\CyComponentLibrary.cylib\BLE_v1_20\Library\gccCyBLEStack_BLE_SOC_PERIPHERAL.a(ll.o)
                0x000041f8                ll_is_pkt_pending

i.ll_is_sent_pkt_pending
                0x00004222       0x1a
 i.ll_is_sent_pkt_pending
                0x00004222       0x1a C:\Program Files (x86)\Cypress\PSoC Creator\3.1\PSoC Creator\psoc\content\cycomponentlibrary\CyComponentLibrary.cylib\BLE_v1_20\Library\gccCyBLEStack_BLE_SOC_PERIPHERAL.a(ll.o)
                0x00004222                ll_is_sent_pkt_pending

i.ll_isr_exit_low_power_mode
                0x0000423c       0x16
 i.ll_isr_exit_low_power_mode
                0x0000423c       0x16 C:\Program Files (x86)\Cypress\PSoC Creator\3.1\PSoC Creator\psoc\content\cycomponentlibrary\CyComponentLibrary.cylib\BLE_v1_20\Library\gccCyBLEStack_BLE_SOC_PERIPHERAL.a(ll.o)
                0x0000423c                ll_isr_exit_low_power_mode

i.ll_load_host_data_packet
                0x00004252       0x4a
 i.ll_load_host_data_packet
                0x00004252       0x4a C:\Program Files (x86)\Cypress\PSoC Creator\3.1\PSoC Creator\psoc\content\cycomponentlibrary\CyComponentLibrary.cylib\BLE_v1_20\Library\gccCyBLEStack_BLE_SOC_PERIPHERAL.a(ll.o)
                0x00004252                ll_load_host_data_packet

i.ll_load_packet_to_fifo
                0x0000429c       0x6e
 i.ll_load_packet_to_fifo
                0x0000429c       0x6e C:\Program Files (x86)\Cypress\PSoC Creator\3.1\PSoC Creator\psoc\content\cycomponentlibrary\CyComponentLibrary.cylib\BLE_v1_20\Library\gccCyBLEStack_BLE_SOC_PERIPHERAL.a(ll.o)
                0x0000429c                ll_load_packet_to_fifo

i.ll_process_acks
                0x0000430a       0x3c
 i.ll_process_acks
                0x0000430a       0x3c C:\Program Files (x86)\Cypress\PSoC Creator\3.1\PSoC Creator\psoc\content\cycomponentlibrary\CyComponentLibrary.cylib\BLE_v1_20\Library\gccCyBLEStack_BLE_SOC_PERIPHERAL.a(ll.o)
                0x0000430a                ll_process_acks

i.ll_reset      0x00004346       0x12
 i.ll_reset     0x00004346       0x12 C:\Program Files (x86)\Cypress\PSoC Creator\3.1\PSoC Creator\psoc\content\cycomponentlibrary\CyComponentLibrary.cylib\BLE_v1_20\Library\gccCyBLEStack_BLE_SOC_PERIPHERAL.a(ll.o)
                0x00004346                ll_reset

i.ll_update_active_features
                0x00004358       0x58
 i.ll_update_active_features
                0x00004358       0x58 C:\Program Files (x86)\Cypress\PSoC Creator\3.1\PSoC Creator\psoc\content\cycomponentlibrary\CyComponentLibrary.cylib\BLE_v1_20\Library\gccCyBLEStack_BLE_SOC_PERIPHERAL.a(ll.o)
                0x00004358                ll_update_active_features

i.ll_update_device_fsm
                0x000043b0        0x8
 i.ll_update_device_fsm
                0x000043b0        0x8 C:\Program Files (x86)\Cypress\PSoC Creator\3.1\PSoC Creator\psoc\content\cycomponentlibrary\CyComponentLibrary.cylib\BLE_v1_20\Library\gccCyBLEStack_BLE_SOC_PERIPHERAL.a(ll.o)
                0x000043b0                ll_update_device_fsm

i.pf_le_start_timer
                0x000043b8       0x16
 i.pf_le_start_timer
                0x000043b8       0x16 C:\Program Files (x86)\Cypress\PSoC Creator\3.1\PSoC Creator\psoc\content\cycomponentlibrary\CyComponentLibrary.cylib\BLE_v1_20\Library\gccCyBLEStack_BLE_SOC_PERIPHERAL.a(ll.o)
                0x000043b8                pf_le_start_timer

i.pf_le_stop_timer
                0x000043ce       0x12
 i.pf_le_stop_timer
                0x000043ce       0x12 C:\Program Files (x86)\Cypress\PSoC Creator\3.1\PSoC Creator\psoc\content\cycomponentlibrary\CyComponentLibrary.cylib\BLE_v1_20\Library\gccCyBLEStack_BLE_SOC_PERIPHERAL.a(ll.o)
                0x000043ce                pf_le_stop_timer

i.CyBleControllerIP_TuneAdvEventInterPktSlots
                0x000043e0       0x44
 i.CyBleControllerIP_TuneAdvEventInterPktSlots
                0x000043e0       0x44 C:\Program Files (x86)\Cypress\PSoC Creator\3.1\PSoC Creator\psoc\content\cycomponentlibrary\CyComponentLibrary.cylib\BLE_v1_20\Library\gccCyBLEStack_BLE_SOC_PERIPHERAL.a(ll_advertiser.o)
                0x000043e0                CyBleControllerIP_TuneAdvEventInterPktSlots

i.ll_adv_is_configured_connection_adv
                0x00004424       0x1e
 i.ll_adv_is_configured_connection_adv
                0x00004424       0x1e C:\Program Files (x86)\Cypress\PSoC Creator\3.1\PSoC Creator\psoc\content\cycomponentlibrary\CyComponentLibrary.cylib\BLE_v1_20\Library\gccCyBLEStack_BLE_SOC_PERIPHERAL.a(ll_advertiser.o)
                0x00004424                ll_adv_is_configured_connection_adv

i.ll_check_random_address_in_use_by_advertiser
                0x00004442       0x10
 i.ll_check_random_address_in_use_by_advertiser
                0x00004442       0x10 C:\Program Files (x86)\Cypress\PSoC Creator\3.1\PSoC Creator\psoc\content\cycomponentlibrary\CyComponentLibrary.cylib\BLE_v1_20\Library\gccCyBLEStack_BLE_SOC_PERIPHERAL.a(ll_advertiser.o)
                0x00004442                ll_check_random_address_in_use_by_advertiser

i.ll_check_whitelist_in_use_by_advertiser
                0x00004452       0x10
 i.ll_check_whitelist_in_use_by_advertiser
                0x00004452       0x10 C:\Program Files (x86)\Cypress\PSoC Creator\3.1\PSoC Creator\psoc\content\cycomponentlibrary\CyComponentLibrary.cylib\BLE_v1_20\Library\gccCyBLEStack_BLE_SOC_PERIPHERAL.a(ll_advertiser.o)
                0x00004452                ll_check_whitelist_in_use_by_advertiser

i.ll_get_adv_status
                0x00004462        0xc
 i.ll_get_adv_status
                0x00004462        0xc C:\Program Files (x86)\Cypress\PSoC Creator\3.1\PSoC Creator\psoc\content\cycomponentlibrary\CyComponentLibrary.cylib\BLE_v1_20\Library\gccCyBLEStack_BLE_SOC_PERIPHERAL.a(ll_advertiser.o)
                0x00004462                ll_get_adv_status

i.ll_get_adv_type
                0x0000446e       0x16
 i.ll_get_adv_type
                0x0000446e       0x16 C:\Program Files (x86)\Cypress\PSoC Creator\3.1\PSoC Creator\psoc\content\cycomponentlibrary\CyComponentLibrary.cylib\BLE_v1_20\Library\gccCyBLEStack_BLE_SOC_PERIPHERAL.a(ll_advertiser.o)
                0x0000446e                ll_get_adv_type

i.ll_handle_adv_intr
                0x00004484       0x50
 i.ll_handle_adv_intr
                0x00004484       0x50 C:\Program Files (x86)\Cypress\PSoC Creator\3.1\PSoC Creator\psoc\content\cycomponentlibrary\CyComponentLibrary.cylib\BLE_v1_20\Library\gccCyBLEStack_BLE_SOC_PERIPHERAL.a(ll_advertiser.o)
                0x00004484                ll_handle_adv_intr

i.ll_handle_set_adv_data
                0x000044d4       0x14
 i.ll_handle_set_adv_data
                0x000044d4       0x14 C:\Program Files (x86)\Cypress\PSoC Creator\3.1\PSoC Creator\psoc\content\cycomponentlibrary\CyComponentLibrary.cylib\BLE_v1_20\Library\gccCyBLEStack_BLE_SOC_PERIPHERAL.a(ll_advertiser.o)
                0x000044d4                ll_handle_set_adv_data

i.ll_handle_set_adv_parameters
                0x000044e8       0x84
 i.ll_handle_set_adv_parameters
                0x000044e8       0x84 C:\Program Files (x86)\Cypress\PSoC Creator\3.1\PSoC Creator\psoc\content\cycomponentlibrary\CyComponentLibrary.cylib\BLE_v1_20\Library\gccCyBLEStack_BLE_SOC_PERIPHERAL.a(ll_advertiser.o)
                0x000044e8                ll_handle_set_adv_parameters

i.ll_handle_set_advertise_enable
                0x0000456c       0x70
 i.ll_handle_set_advertise_enable
                0x0000456c       0x70 C:\Program Files (x86)\Cypress\PSoC Creator\3.1\PSoC Creator\psoc\content\cycomponentlibrary\CyComponentLibrary.cylib\BLE_v1_20\Library\gccCyBLEStack_BLE_SOC_PERIPHERAL.a(ll_advertiser.o)
                0x0000456c                ll_handle_set_advertise_enable

i.ll_handle_set_scan_resp_data
                0x000045dc       0x14
 i.ll_handle_set_scan_resp_data
                0x000045dc       0x14 C:\Program Files (x86)\Cypress\PSoC Creator\3.1\PSoC Creator\psoc\content\cycomponentlibrary\CyComponentLibrary.cylib\BLE_v1_20\Library\gccCyBLEStack_BLE_SOC_PERIPHERAL.a(ll_advertiser.o)
                0x000045dc                ll_handle_set_scan_resp_data

i.ll_init_advertiser
                0x000045f0       0x68
 i.ll_init_advertiser
                0x000045f0       0x68 C:\Program Files (x86)\Cypress\PSoC Creator\3.1\PSoC Creator\psoc\content\cycomponentlibrary\CyComponentLibrary.cylib\BLE_v1_20\Library\gccCyBLEStack_BLE_SOC_PERIPHERAL.a(ll_advertiser.o)
                0x000045f0                ll_init_advertiser

i.is_le_connection_handle
                0x00004658       0x28
 i.is_le_connection_handle
                0x00004658       0x28 C:\Program Files (x86)\Cypress\PSoC Creator\3.1\PSoC Creator\psoc\content\cycomponentlibrary\CyComponentLibrary.cylib\BLE_v1_20\Library\gccCyBLEStack_BLE_SOC_PERIPHERAL.a(ll_connection.o)
                0x00004658                is_le_connection_handle

i.le_assign_connection_handle
                0x00004680       0x28
 i.le_assign_connection_handle
                0x00004680       0x28 C:\Program Files (x86)\Cypress\PSoC Creator\3.1\PSoC Creator\psoc\content\cycomponentlibrary\CyComponentLibrary.cylib\BLE_v1_20\Library\gccCyBLEStack_BLE_SOC_PERIPHERAL.a(ll_connection.o)
                0x00004680                le_assign_connection_handle

i.le_get_connection_index
                0x000046a8        0x6
 i.le_get_connection_index
                0x000046a8        0x6 C:\Program Files (x86)\Cypress\PSoC Creator\3.1\PSoC Creator\psoc\content\cycomponentlibrary\CyComponentLibrary.cylib\BLE_v1_20\Library\gccCyBLEStack_BLE_SOC_PERIPHERAL.a(ll_connection.o)
                0x000046a8                le_get_connection_index

i.ll_allocate_connection
                0x000046b0       0x44
 i.ll_allocate_connection
                0x000046b0       0x44 C:\Program Files (x86)\Cypress\PSoC Creator\3.1\PSoC Creator\psoc\content\cycomponentlibrary\CyComponentLibrary.cylib\BLE_v1_20\Library\gccCyBLEStack_BLE_SOC_PERIPHERAL.a(ll_connection.o)
                0x000046b0                ll_allocate_connection

i.ll_calculate_and_program_def_win_widen_drift
                0x000046f4       0x14
 i.ll_calculate_and_program_def_win_widen_drift
                0x000046f4       0x14 C:\Program Files (x86)\Cypress\PSoC Creator\3.1\PSoC Creator\psoc\content\cycomponentlibrary\CyComponentLibrary.cylib\BLE_v1_20\Library\gccCyBLEStack_BLE_SOC_PERIPHERAL.a(ll_connection.o)
                0x000046f4                ll_calculate_and_program_def_win_widen_drift

i.ll_calculate_drift
                0x00004708       0x2c
 i.ll_calculate_drift
                0x00004708       0x2c C:\Program Files (x86)\Cypress\PSoC Creator\3.1\PSoC Creator\psoc\content\cycomponentlibrary\CyComponentLibrary.cylib\BLE_v1_20\Library\gccCyBLEStack_BLE_SOC_PERIPHERAL.a(ll_connection.o)
                0x00004708                ll_calculate_drift

i.ll_check_and_decrypt_ll_pdu
                0x00004734       0x68
 i.ll_check_and_decrypt_ll_pdu
                0x00004734       0x68 C:\Program Files (x86)\Cypress\PSoC Creator\3.1\PSoC Creator\psoc\content\cycomponentlibrary\CyComponentLibrary.cylib\BLE_v1_20\Library\gccCyBLEStack_BLE_SOC_PERIPHERAL.a(ll_connection.o)
                0x00004734                ll_check_and_decrypt_ll_pdu

i.ll_check_and_decrypt_packet
                0x0000479c       0x6a
 i.ll_check_and_decrypt_packet
                0x0000479c       0x6a C:\Program Files (x86)\Cypress\PSoC Creator\3.1\PSoC Creator\psoc\content\cycomponentlibrary\CyComponentLibrary.cylib\BLE_v1_20\Library\gccCyBLEStack_BLE_SOC_PERIPHERAL.a(ll_connection.o)
                0x0000479c                ll_check_and_decrypt_packet

i.ll_check_and_encrypt_ll_pdu
                0x00004806       0x72
 i.ll_check_and_encrypt_ll_pdu
                0x00004806       0x72 C:\Program Files (x86)\Cypress\PSoC Creator\3.1\PSoC Creator\psoc\content\cycomponentlibrary\CyComponentLibrary.cylib\BLE_v1_20\Library\gccCyBLEStack_BLE_SOC_PERIPHERAL.a(ll_connection.o)
                0x00004806                ll_check_and_encrypt_ll_pdu

i.ll_check_and_encrypt_packet
                0x00004878       0x8a
 i.ll_check_and_encrypt_packet
                0x00004878       0x8a C:\Program Files (x86)\Cypress\PSoC Creator\3.1\PSoC Creator\psoc\content\cycomponentlibrary\CyComponentLibrary.cylib\BLE_v1_20\Library\gccCyBLEStack_BLE_SOC_PERIPHERAL.a(ll_connection.o)
                0x00004878                ll_check_and_encrypt_packet

i.ll_check_for_allowing_incoming_connection_update
                0x00004902       0x42
 i.ll_check_for_allowing_incoming_connection_update
                0x00004902       0x42 C:\Program Files (x86)\Cypress\PSoC Creator\3.1\PSoC Creator\psoc\content\cycomponentlibrary\CyComponentLibrary.cylib\BLE_v1_20\Library\gccCyBLEStack_BLE_SOC_PERIPHERAL.a(ll_connection.o)
                0x00004902                ll_check_for_allowing_incoming_connection_update

i.ll_check_if_pdu_is_loaded_to_hardware
                0x00004944       0x1c
 i.ll_check_if_pdu_is_loaded_to_hardware
                0x00004944       0x1c C:\Program Files (x86)\Cypress\PSoC Creator\3.1\PSoC Creator\psoc\content\cycomponentlibrary\CyComponentLibrary.cylib\BLE_v1_20\Library\gccCyBLEStack_BLE_SOC_PERIPHERAL.a(ll_connection.o)
                0x00004944                ll_check_if_pdu_is_loaded_to_hardware

i.ll_check_random_address_in_use_by_initiator
                0x00004960       0x30
 i.ll_check_random_address_in_use_by_initiator
                0x00004960       0x30 C:\Program Files (x86)\Cypress\PSoC Creator\3.1\PSoC Creator\psoc\content\cycomponentlibrary\CyComponentLibrary.cylib\BLE_v1_20\Library\gccCyBLEStack_BLE_SOC_PERIPHERAL.a(ll_connection.o)
                0x00004960                ll_check_random_address_in_use_by_initiator

i.ll_check_white_list_in_use_by_initiator
                0x00004990       0x30
 i.ll_check_white_list_in_use_by_initiator
                0x00004990       0x30 C:\Program Files (x86)\Cypress\PSoC Creator\3.1\PSoC Creator\psoc\content\cycomponentlibrary\CyComponentLibrary.cylib\BLE_v1_20\Library\gccCyBLEStack_BLE_SOC_PERIPHERAL.a(ll_connection.o)
                0x00004990                ll_check_white_list_in_use_by_initiator

i.ll_conn_free_enc_txn_buffer
                0x000049c0       0x16
 i.ll_conn_free_enc_txn_buffer
                0x000049c0       0x16 C:\Program Files (x86)\Cypress\PSoC Creator\3.1\PSoC Creator\psoc\content\cycomponentlibrary\CyComponentLibrary.cylib\BLE_v1_20\Library\gccCyBLEStack_BLE_SOC_PERIPHERAL.a(ll_connection.o)
                0x000049c0                ll_conn_free_enc_txn_buffer

i.ll_conn_fsm_update_channel_state
                0x000049d6        0x6
 i.ll_conn_fsm_update_channel_state
                0x000049d6        0x6 C:\Program Files (x86)\Cypress\PSoC Creator\3.1\PSoC Creator\psoc\content\cycomponentlibrary\CyComponentLibrary.cylib\BLE_v1_20\Library\gccCyBLEStack_BLE_SOC_PERIPHERAL.a(ll_connection.o)
                0x000049d6                ll_conn_fsm_update_channel_state

i.ll_conn_fsm_update_conn_update_state
                0x000049dc        0x6
 i.ll_conn_fsm_update_conn_update_state
                0x000049dc        0x6 C:\Program Files (x86)\Cypress\PSoC Creator\3.1\PSoC Creator\psoc\content\cycomponentlibrary\CyComponentLibrary.cylib\BLE_v1_20\Library\gccCyBLEStack_BLE_SOC_PERIPHERAL.a(ll_connection.o)
                0x000049dc                ll_conn_fsm_update_conn_update_state

i.ll_conn_fsm_update_enc_state
                0x000049e2        0x6
 i.ll_conn_fsm_update_enc_state
                0x000049e2        0x6 C:\Program Files (x86)\Cypress\PSoC Creator\3.1\PSoC Creator\psoc\content\cycomponentlibrary\CyComponentLibrary.cylib\BLE_v1_20\Library\gccCyBLEStack_BLE_SOC_PERIPHERAL.a(ll_connection.o)